<html>
<body>
<pre>
<h1>礦ision Build Log</h1>
<h2>Tool Versions:</h2>
IDE-Version: μVision V5.14.0.0
Copyright (C) 2015 ARM Ltd and ARM Germany GmbH. All rights reserved.
License Information: lcd lcd, lcd, LIC=GMZCX-HU6AR-8S4YU-SF5Y8-FA8N9-E7DGG
 
Tool Versions:
Toolchain:       MDK-ARM Standard  Version: 5.14.0.0
Toolchain Path:  D:\MDK5\ARM\ARMCC\Bin
C Compiler:      Armcc.exe V5.05 update 1 (build 106)
Assembler:       Armasm.exe V5.05 update 1 (build 106)
Linker/Locator:  ArmLink.exe V5.05 update 1 (build 106)
Library Manager: ArmAr.exe V5.05 update 1 (build 106)
Hex Converter:   FromElf.exe V5.05 update 1 (build 106)
CPU DLL:         SARMCM3.DLL V5.14.0.0
Dialog DLL:      DCM.DLL V1.13.1.0
Target DLL:      Segger\JL2CM3.dll V2.99.13.0
Dialog DLL:      TCM.DLL V1.14.4.0
 
<h2>Project:</h2>
D:\code\cuttlefish\chassis\USER\Template.uvprojx
Project File Date:  08/07/2018

<h2>Output:</h2>
Build target 'Template'
compiling main.c...
main.c(35): warning:  #68-D: integer conversion resulted in a change of sign
                                action = -1;
main.c(53): warning:  #1-D: last line of file ends without a newline
        
main.c: 2 warnings, 0 errors
compiling system_stm32f10x.c...
compiling stm32f10x_it.c...
compiling delay.c...
compiling sys.c...
compiling core_cm3.c...
assembling startup_stm32f10x_hd.s...
compiling misc.c...
compiling stm32f10x_adc.c...
compiling stm32f10x_bkp.c...
compiling stm32f10x_can.c...
compiling stm32f10x_cec.c...
compiling stm32f10x_crc.c...
compiling stm32f10x_dac.c...
compiling stm32f10x_dbgmcu.c...
compiling stm32f10x_dma.c...
compiling stm32f10x_exti.c...
compiling stm32f10x_flash.c...
compiling stm32f10x_fsmc.c...
compiling stm32f10x_gpio.c...
compiling stm32f10x_i2c.c...
compiling stm32f10x_iwdg.c...
compiling stm32f10x_pwr.c...
compiling stm32f10x_rcc.c...
compiling stm32f10x_rtc.c...
compiling stm32f10x_sdio.c...
compiling stm32f10x_spi.c...
compiling stm32f10x_tim.c...
compiling stm32f10x_usart.c...
compiling stm32f10x_wwdg.c...
compiling intconfig.c...
compiling ustdout.c...
compiling usart1.c...
..\HARDWARE\usart1\usart1.c(10): warning:  #68-D: integer conversion resulted in a change of sign
  u8 action = -1;
..\HARDWARE\usart1\usart1.c: 1 warning, 0 errors
compiling usart2.c...
compiling usart3.c...
compiling usart_tren.c...
compiling led.c...
compiling timer.c...
compiling sdio_sdcard.c...
compiling dma.c...
compiling pwm.c...
compiling key.c...
compiling config.c...
compiling Action.c...
compiling diskio.c...
compiling ff.c...
compiling ccsbcs.c...
compiling ax12.c...
compiling jy61.c...
compiling protocal.c...
..\APP\protocal\protocal.c(289): warning:  #177-D: variable "ax_num" was declared but never referenced
        u8 ax_num;
..\APP\protocal\protocal.c(291): warning:  #177-D: variable "ServoOffLine" was declared but never referenced
        const u8 ServoOffLine[]="Some Servo Lost Connection.";  //舵机掉线错误信息
..\APP\protocal\protocal.c(292): warning:  #177-D: variable "ServoTypeError" was declared but never referenced
        const u8 ServoTypeError[]="No Such Servo Type.";                                //舵机类型错误信息
..\APP\protocal\protocal.c: 3 warnings, 0 errors
compiling file.c...
..\APP\file\file.c(125): warning:  #177-D: variable "debugnum" was declared but never referenced
                u8 debugnum=0;
..\APP\file\file.c(131): warning:  #177-D: variable "p" was declared but never referenced
        u8 i,p=0;                                                               //计数器
..\APP\file\file.c(626): warning:  #177-D: variable "position" was declared but never referenced
        u16 position;
..\APP\file\file.c(683): warning:  #177-D: variable "debugnum" was declared but never referenced
        u8 debugnum=0;
..\APP\file\file.c(687): warning:  #177-D: variable "send" was declared but never referenced
        u8 send[1];
..\APP\file\file.c: 5 warnings, 0 errors
linking...
Program Size: Code=23052 RO-data=1772 RW-data=1104 ZI-data=6448  
FromELF: creating hex file...
"..\OBJ\Template.axf" - 0 Error(s), 11 Warning(s).

<h2>Collection of Component include folders:</h2>
  D:\code\cuttlefish\chassis\USER\RTE
  D:\MDK5\ARM\PACK\Keil\STM32F1xx_DFP\1.0.5\Device\Include

<h2>Collection of Component Files used:</h2>
</pre>
</body>
</html>
