Component: ARM Compiler 5.05 update 1 (build 106) Tool: armlink [4d0efa]

==============================================================================

Section Cross References

    main.o(i.main) refers to delay.o(i.delay_init) for delay_init
    main.o(i.main) refers to led.o(i.LED_Init) for LED_Init
    main.o(i.main) refers to key.o(i.key_init) for key_init
    main.o(i.main) refers to usart1.o(i.usart1_init) for usart1_init
    main.o(i.main) refers to usart3.o(i.usart3_init) for usart3_init
    main.o(i.main) refers to usart_tren.o(i.usart_tren_init) for usart_tren_init
    main.o(i.main) refers to timer.o(i.TIM2_Init) for TIM2_Init
    main.o(i.main) refers to sdio_sdcard.o(i.SD_Init) for SD_Init
    main.o(i.main) refers to file.o(i.FileSystemInit) for FileSystemInit
    main.o(i.main) refers to delay.o(i.delay_ms) for delay_ms
    main.o(i.main) refers to ax12.o(i.axAllPosition) for axAllPosition
    main.o(i.main) refers to action.o(i.ExAction) for ExAction
    main.o(i.main) refers to config.o(.data) for InitialPosition_with_arm
    main.o(i.main) refers to usart1.o(.data) for getAction
    system_stm32f10x.o(i.SetSysClock) refers to system_stm32f10x.o(i.SetSysClockTo72) for SetSysClockTo72
    system_stm32f10x.o(i.SystemCoreClockUpdate) refers to system_stm32f10x.o(.data) for SystemCoreClock
    system_stm32f10x.o(i.SystemInit) refers to system_stm32f10x.o(i.SetSysClock) for SetSysClock
    delay.o(i.delay_init) refers to misc.o(i.SysTick_CLKSourceConfig) for SysTick_CLKSourceConfig
    delay.o(i.delay_init) refers to system_stm32f10x.o(.data) for SystemCoreClock
    delay.o(i.delay_init) refers to delay.o(.data) for fac_us
    delay.o(i.delay_ms) refers to delay.o(.data) for fac_ms
    delay.o(i.delay_us) refers to delay.o(.data) for fac_us
    startup_stm32f10x_hd.o(STACK) refers (Special) to heapauxi.o(.text) for __use_two_region_memory
    startup_stm32f10x_hd.o(HEAP) refers (Special) to heapauxi.o(.text) for __use_two_region_memory
    startup_stm32f10x_hd.o(RESET) refers (Special) to heapauxi.o(.text) for __use_two_region_memory
    startup_stm32f10x_hd.o(RESET) refers to startup_stm32f10x_hd.o(STACK) for __initial_sp
    startup_stm32f10x_hd.o(RESET) refers to startup_stm32f10x_hd.o(.text) for Reset_Handler
    startup_stm32f10x_hd.o(RESET) refers to stm32f10x_it.o(i.NMI_Handler) for NMI_Handler
    startup_stm32f10x_hd.o(RESET) refers to stm32f10x_it.o(i.HardFault_Handler) for HardFault_Handler
    startup_stm32f10x_hd.o(RESET) refers to stm32f10x_it.o(i.MemManage_Handler) for MemManage_Handler
    startup_stm32f10x_hd.o(RESET) refers to stm32f10x_it.o(i.BusFault_Handler) for BusFault_Handler
    startup_stm32f10x_hd.o(RESET) refers to stm32f10x_it.o(i.UsageFault_Handler) for UsageFault_Handler
    startup_stm32f10x_hd.o(RESET) refers to stm32f10x_it.o(i.SVC_Handler) for SVC_Handler
    startup_stm32f10x_hd.o(RESET) refers to stm32f10x_it.o(i.DebugMon_Handler) for DebugMon_Handler
    startup_stm32f10x_hd.o(RESET) refers to stm32f10x_it.o(i.PendSV_Handler) for PendSV_Handler
    startup_stm32f10x_hd.o(RESET) refers to stm32f10x_it.o(i.SysTick_Handler) for SysTick_Handler
    startup_stm32f10x_hd.o(RESET) refers to key.o(i.EXTI1_IRQHandler) for EXTI1_IRQHandler
    startup_stm32f10x_hd.o(RESET) refers to dma.o(i.DMA1_Channel2_IRQHandler) for DMA1_Channel2_IRQHandler
    startup_stm32f10x_hd.o(RESET) refers to timer.o(i.TIM2_IRQHandler) for TIM2_IRQHandler
    startup_stm32f10x_hd.o(RESET) refers to pwm.o(i.TIM4_IRQHandler) for TIM4_IRQHandler
    startup_stm32f10x_hd.o(RESET) refers to usart1.o(i.USART1_IRQHandler) for USART1_IRQHandler
    startup_stm32f10x_hd.o(RESET) refers to usart2.o(i.USART2_IRQHandler) for USART2_IRQHandler
    startup_stm32f10x_hd.o(RESET) refers to usart3.o(i.USART3_IRQHandler) for USART3_IRQHandler
    startup_stm32f10x_hd.o(.text) refers (Special) to heapauxi.o(.text) for __use_two_region_memory
    startup_stm32f10x_hd.o(.text) refers to system_stm32f10x.o(i.SystemInit) for SystemInit
    startup_stm32f10x_hd.o(.text) refers to __main.o(!!!main) for __main
    startup_stm32f10x_hd.o(.text) refers to startup_stm32f10x_hd.o(HEAP) for Heap_Mem
    startup_stm32f10x_hd.o(.text) refers to startup_stm32f10x_hd.o(STACK) for Stack_Mem
    stm32f10x_adc.o(i.ADC_DeInit) refers to stm32f10x_rcc.o(i.RCC_APB2PeriphResetCmd) for RCC_APB2PeriphResetCmd
    stm32f10x_bkp.o(i.BKP_DeInit) refers to stm32f10x_rcc.o(i.RCC_BackupResetCmd) for RCC_BackupResetCmd
    stm32f10x_can.o(i.CAN_DeInit) refers to stm32f10x_rcc.o(i.RCC_APB1PeriphResetCmd) for RCC_APB1PeriphResetCmd
    stm32f10x_can.o(i.CAN_GetITStatus) refers to stm32f10x_can.o(i.CheckITStatus) for CheckITStatus
    stm32f10x_cec.o(i.CEC_DeInit) refers to stm32f10x_rcc.o(i.RCC_APB1PeriphResetCmd) for RCC_APB1PeriphResetCmd
    stm32f10x_dac.o(i.DAC_DeInit) refers to stm32f10x_rcc.o(i.RCC_APB1PeriphResetCmd) for RCC_APB1PeriphResetCmd
[...]
    i.ff_wtoupper                            0x08003df4   Section        0  ccsbcs.o(i.ff_wtoupper)
    i.find_volume                            0x08003e98   Section        0  ff.o(i.find_volume)
    find_volume                              0x08003e99   Thumb Code   748  ff.o(i.find_volume)
    i.follow_path                            0x08004198   Section        0  ff.o(i.follow_path)
    follow_path                              0x08004199   Thumb Code   162  ff.o(i.follow_path)
    i.gen_numname                            0x0800423c   Section        0  ff.o(i.gen_numname)
    gen_numname                              0x0800423d   Thumb Code   176  ff.o(i.gen_numname)
    i.get_fat                                0x080042f0   Section        0  ff.o(i.get_fat)
    get_fat                                  0x080042f1   Thumb Code   224  ff.o(i.get_fat)
    i.get_fattime                            0x080043d0   Section        0  diskio.o(i.get_fattime)
    i.get_ldnumber                           0x080043d4   Section        0  ff.o(i.get_ldnumber)
    get_ldnumber                             0x080043d5   Thumb Code    72  ff.o(i.get_ldnumber)
    i.key_init                               0x0800441c   Section        0  key.o(i.key_init)
    i.ld_clust                               0x08004458   Section        0  ff.o(i.ld_clust)
    ld_clust                                 0x08004459   Thumb Code    38  ff.o(i.ld_clust)
    i.ld_dword                               0x0800447e   Section        0  ff.o(i.ld_dword)
    ld_dword                                 0x0800447f   Thumb Code    24  ff.o(i.ld_dword)
    i.ld_word                                0x08004496   Section        0  ff.o(i.ld_word)
    ld_word                                  0x08004497   Thumb Code    12  ff.o(i.ld_word)
    i.main                                   0x080044a4   Section        0  main.o(i.main)
    i.mem_cmp                                0x08004534   Section        0  ff.o(i.mem_cmp)
    mem_cmp                                  0x08004535   Thumb Code    36  ff.o(i.mem_cmp)
    i.mem_cpy                                0x08004558   Section        0  ff.o(i.mem_cpy)
    mem_cpy                                  0x08004559   Thumb Code    26  ff.o(i.mem_cpy)
    i.mem_set                                0x08004572   Section        0  ff.o(i.mem_set)
    mem_set                                  0x08004573   Thumb Code    18  ff.o(i.mem_set)
    i.move_window                            0x08004584   Section        0  ff.o(i.move_window)
    move_window                              0x08004585   Thumb Code    52  ff.o(i.move_window)
    i.put_fat                                0x080045b8   Section        0  ff.o(i.put_fat)
    put_fat                                  0x080045b9   Thumb Code   312  ff.o(i.put_fat)
    i.put_lfn                                0x080046f0   Section        0  ff.o(i.put_lfn)
    put_lfn                                  0x080046f1   Thumb Code   124  ff.o(i.put_lfn)
    i.remove_chain                           0x08004770   Section        0  ff.o(i.remove_chain)
    remove_chain                             0x08004771   Thumb Code   150  ff.o(i.remove_chain)
    i.sin                                    0x08004808   Section        0  sin.o(i.sin)
    i.st_clust                               0x080048a8   Section        0  ff.o(i.st_clust)
    st_clust                                 0x080048a9   Thumb Code    36  ff.o(i.st_clust)
    i.st_dword                               0x080048cc   Section        0  ff.o(i.st_dword)
    st_dword                                 0x080048cd   Thumb Code    24  ff.o(i.st_dword)
    i.st_word                                0x080048e4   Section        0  ff.o(i.st_word)
    st_word                                  0x080048e5   Thumb Code    12  ff.o(i.st_word)
    i.sum_sfn                                0x080048f0   Section        0  ff.o(i.sum_sfn)
    sum_sfn                                  0x080048f1   Thumb Code    32  ff.o(i.sum_sfn)
    i.sync_fs                                0x08004910   Section        0  ff.o(i.sync_fs)
    sync_fs                                  0x08004911   Thumb Code   134  ff.o(i.sync_fs)
    i.sync_window                            0x080049a0   Section        0  ff.o(i.sync_window)
    sync_window                              0x080049a1   Thumb Code    82  ff.o(i.sync_window)
    i.usart1_init                            0x080049f4   Section        0  usart1.o(i.usart1_init)
    i.usart3_init                            0x08004a80   Section        0  usart3.o(i.usart3_init)
    i.usart3_senddat                         0x08004b24   Section        0  usart3.o(i.usart3_senddat)
    i.usart_moderx                           0x08004b60   Section        0  usart_tren.o(i.usart_moderx)
    i.usart_modetx                           0x08004b88   Section        0  usart_tren.o(i.usart_modetx)
    i.usart_tren_init                        0x08004bb0   Section        0  usart_tren.o(i.usart_tren_init)
    i.validate                               0x08004be0   Section        0  ff.o(i.validate)
    validate                                 0x08004be1   Thumb Code    66  ff.o(i.validate)
    x$fpl$d2f                                0x08004c24   Section       98  d2f.o(x$fpl$d2f)
    x$fpl$dadd                               0x08004c88   Section      336  daddsub_clz.o(x$fpl$dadd)
    _dadd1                                   0x08004c99   Thumb Code     0  daddsub_clz.o(x$fpl$dadd)
    x$fpl$dcheck1                            0x08004dd8   Section       16  dcheck1.o(x$fpl$dcheck1)
    x$fpl$dcmpinf                            0x08004de8   Section       24  dcmpi.o(x$fpl$dcmpinf)
    x$fpl$ddiv                               0x08004e00   Section      688  ddiv.o(x$fpl$ddiv)
    ddiv_entry                               0x08004e07   Thumb Code     0  ddiv.o(x$fpl$ddiv)
    x$fpl$dfix                               0x080050b0   Section       94  dfix.o(x$fpl$dfix)
    x$fpl$dflt                               0x0800510e   Section       46  dflt_clz.o(x$fpl$dflt)
    x$fpl$dfltu                              0x0800513c   Section       38  dflt_clz.o(x$fpl$dfltu)
    x$fpl$dleqf                              0x08005164   Section      120  dleqf.o(x$fpl$dleqf)
    x$fpl$dmul                               0x080051dc   Section      340  dmul.o(x$fpl$dmul)
    x$fpl$dnaninf                            0x08005330   Section      156  dnaninf.o(x$fpl$dnaninf)
    x$fpl$dretinf                            0x080053cc   Section       12  dretinf.o(x$fpl$dretinf)
    x$fpl$drleqf                             0x080053d8   Section      108  drleqf.o(x$fpl$drleqf)
    x$fpl$drsb                               0x08005444   Section       22  daddsub_clz.o(x$fpl$drsb)
    x$fpl$dsub                               0x0800545c   Section      468  daddsub_clz.o(x$fpl$dsub)
    _dsub1                                   0x0800546d   Thumb Code     0  daddsub_clz.o(x$fpl$dsub)
    x$fpl$f2d                                0x08005630   Section       86  f2d.o(x$fpl$f2d)
    x$fpl$fadd                               0x08005688   Section      196  faddsub_clz.o(x$fpl$fadd)
    _fadd1                                   0x08005697   Thumb Code     0  faddsub_clz.o(x$fpl$fadd)
    x$fpl$ffixu                              0x0800574c   Section       62  ffixu.o(x$fpl$ffixu)
    x$fpl$ffltu                              0x0800578c   Section       38  fflt_clz.o(x$fpl$ffltu)
    x$fpl$fmul                               0x080057b4   Section      258  fmul.o(x$fpl$fmul)
    x$fpl$fnaninf                            0x080058b6   Section      140  fnaninf.o(x$fpl$fnaninf)
    x$fpl$fretinf                            0x08005942   Section       10  fretinf.o(x$fpl$fretinf)
    x$fpl$frsb                               0x0800594c   Section       20  faddsub_clz.o(x$fpl$frsb)
    x$fpl$fsub                               0x08005960   Section      234  faddsub_clz.o(x$fpl$fsub)
    _fsub1                                   0x0800596f   Thumb Code     0  faddsub_clz.o(x$fpl$fsub)
    x$fpl$retnan                             0x08005a4a   Section      100  retnan.o(x$fpl$retnan)
    x$fpl$scalbn                             0x08005aae   Section       92  scalbn.o(x$fpl$scalbn)
    x$fpl$trapveneer                         0x08005b0a   Section       48  trapv.o(x$fpl$trapveneer)
    x$fpl$usenofp                            0x08005b3a   Section        0  usenofp.o(x$fpl$usenofp)
    .constdata                               0x08005b3c   Section       16  usart1.o(.constdata)
    .constdata                               0x08005b4c   Section       16  usart3.o(.constdata)
    .constdata                               0x08005b5c   Section      170  ff.o(.constdata)
    ExCvt                                    0x08005b5c   Data         128  ff.o(.constdata)
    LfnOfs                                   0x08005bdc   Data          13  ff.o(.constdata)
    cst                                      0x08005bea   Data          14  ff.o(.constdata)
    cst32                                    0x08005bf8   Data          14  ff.o(.constdata)
    .constdata                               0x08005c06   Section      942  ccsbcs.o(.constdata)
    Tbl                                      0x08005c06   Data         256  ccsbcs.o(.constdata)
    cvt1                                     0x08005d06   Data         498  ccsbcs.o(.constdata)
    cvt2                                     0x08005ef8   Data         188  ccsbcs.o(.constdata)
    .constdata                               0x08005fb8   Section       48  cos_i.o(.constdata)
    C                                        0x08005fb8   Data          48  cos_i.o(.constdata)
    .constdata                               0x08005fe8   Section      200  rred.o(.constdata)
    pio2s                                    0x08005fe8   Data          48  rred.o(.constdata)
    twooverpi                                0x08006018   Data         152  rred.o(.constdata)
    .constdata                               0x080060b0   Section       40  sin_i.o(.constdata)
    S                                        0x080060b0   Data          40  sin_i.o(.constdata)
    .data                                    0x20000000   Section       20  system_stm32f10x.o(.data)
    .data                                    0x20000014   Section        4  delay.o(.data)
    fac_us                                   0x20000014   Data           1  delay.o(.data)
    fac_ms                                   0x20000016   Data           2  delay.o(.data)
    .data                                    0x20000018   Section       20  stm32f10x_rcc.o(.data)
    APBAHBPrescTable                         0x20000018   Data          16  stm32f10x_rcc.o(.data)
    ADCPrescTable                            0x20000028   Data           4  stm32f10x_rcc.o(.data)
    .data                                    0x2000002c   Section       32  intconfig.o(.data)
    .data                                    0x2000004c   Section       17  usart1.o(.data)
    flag                                     0x2000005c   Data           1  usart1.o(.data)
    .data                                    0x20000060   Section        4  usart2.o(.data)
    .data                                    0x20000064   Section        4  usart3.o(.data)
    .data                                    0x20000068   Section        4  timer.o(.data)
    .data                                    0x2000006c   Section       20  sdio_sdcard.o(.data)
    CardType                                 0x2000006c   Data           4  sdio_sdcard.o(.data)
    RCA                                      0x20000070   Data           4  sdio_sdcard.o(.data)
    .data                                    0x20000080   Section        1  dma.o(.data)
    .data                                    0x20000082   Section       10  pwm.o(.data)
    .data                                    0x2000008c   Section      894  config.o(.data)
    .data                                    0x2000040c   Section        9  action.o(.data)
    .data                                    0x20000418   Section        6  ff.o(.data)
    FatFs                                    0x20000418   Data           4  ff.o(.data)
    Fsid                                     0x2000041c   Data           2  ff.o(.data)
    .data                                    0x20000420   Section       13  protocal.o(.data)
    .data                                    0x20000430   Section       30  file.o(.data)
    ADN                                      0x2000043e   Data           2  file.o(.data)
    ADC                                      0x20000440   Data           2  file.o(.data)
    random_check                             0x20000442   Data           1  file.o(.data)
    bw                                       0x20000444   Data           4  file.o(.data)
    ODN                                      0x20000448   Data           2  file.o(.data)
    ODC                                      0x2000044a   Data           2  file.o(.data)
    OAO                                      0x2000044c   Data           2  file.o(.data)
    .bss                                     0x20000450   Section      512  usart1.o(.bss)
    .bss                                     0x20000650   Section      256  usart2.o(.bss)
    .bss                                     0x20000750   Section      512  usart3.o(.bss)
    .bss                                     0x20000950   Section      196  sdio_sdcard.o(.bss)
    CSD_Tab                                  0x20000950   Data          16  sdio_sdcard.o(.bss)
    CID_Tab                                  0x20000960   Data          16  sdio_sdcard.o(.bss)
    SDSTATUS_Tab                             0x20000970   Data          16  sdio_sdcard.o(.bss)
    .bss                                     0x20000a14   Section      512  ff.o(.bss)
    LfnBuf                                   0x20000a14   Data         512  ff.o(.bss)
    .bss                                     0x20000c14   Section      508  protocal.o(.bss)
    .bss                                     0x20000e10   Section     2320  file.o(.bss)
    file_Action                              0x20001044   Data         552  file.o(.bss)
    file_Order                               0x2000126c   Data         552  file.o(.bss)
    fp                                       0x20001494   Data         552  file.o(.bss)
    FileName                                 0x200016bc   Data         100  file.o(.bss)
    .bss                                     0x20001720   Section       96  libspace.o(.bss)
    HEAP                                     0x20001780   Section      512  startup_stm32f10x_hd.o(HEAP)
    Heap_Mem                                 0x20001780   Data         512  startup_stm32f10x_hd.o(HEAP)
    STACK                                    0x20001980   Section     1024  startup_stm32f10x_hd.o(STACK)
    Stack_Mem                                0x20001980   Data        1024  startup_stm32f10x_hd.o(STACK)
    __initial_sp                             0x20001d80   Data           0  startup_stm32f10x_hd.o(STACK)

    Global Symbols

    Symbol Name                              Value     Ov Type        Size  Object(Section)

    BuildAttributes$$THM_ISAv4$P$D$K$B$S$PE$A:L22UL41UL21$X:L11$S22US41US21$IEEE1$IW$USESV6$~STKCKD$USESV7$~SHL$OTIME$ROPI$IEEEX$EBA8$UX$STANDARDLIB$REQ8$PRES8$EABIv2 0x00000000   Number         0  anon$$obj.o ABSOLUTE
    __ARM_use_no_argv                        0x00000000   Number         0  main.o ABSOLUTE
    __ARM_exceptions_init                     - Undefined Weak Reference
    __alloca_initialize                       - Undefined Weak Reference
    __arm_preinit_                            - Undefined Weak Reference
    __cpp_initialize__aeabi_                  - Undefined Weak Reference
    __cxa_finalize                            - Undefined Weak Reference
    __rt_locale                               - Undefined Weak Reference
    __sigvec_lookup                           - Undefined Weak Reference
    _atexit_init                              - Undefined Weak Reference
    _call_atexit_fns                          - Undefined Weak Reference
    _clock_init                               - Undefined Weak Reference
    _fp_trap_init                             - Undefined Weak Reference
    _fp_trap_shutdown                         - Undefined Weak Reference
    _get_lc_collate                           - Undefined Weak Reference
    _get_lc_ctype                             - Undefined Weak Reference
    _get_lc_monetary                          - Undefined Weak Reference
    _get_lc_numeric                           - Undefined Weak Reference
    _get_lc_time                              - Undefined Weak Reference
    _getenv_init                              - Undefined Weak Reference
    _handle_redirection                       - Undefined Weak Reference
    _init_alloc                               - Undefined Weak Reference
    _init_user_alloc                          - Undefined Weak Reference
    _initio                                   - Undefined Weak Reference
    _mutex_acquire                            - Undefined Weak Reference
    _mutex_release                            - Undefined Weak Reference
    _printf_post_padding                      - Undefined Weak Reference
    _printf_pre_padding                       - Undefined Weak Reference
    _printf_truncate_signed                   - Undefined Weak Reference
    _printf_truncate_unsigned                 - Undefined Weak Reference
    _rand_init                                - Undefined Weak Reference
    _signal_finish                            - Undefined Weak Reference
    _signal_init                              - Undefined Weak Reference
    _terminate_alloc                          - Undefined Weak Reference
    _terminate_user_alloc                     - Undefined Weak Reference
    _terminateio                              - Undefined Weak Reference
    __Vectors_Size                           0x00000130   Number         0  startup_stm32f10x_hd.o ABSOLUTE
    __Vectors                                0x08000000   Data           4  startup_stm32f10x_hd.o(RESET)
    __Vectors_End                            0x08000130   Data           0  startup_stm32f10x_hd.o(RESET)
    __main                                   0x08000131   Thumb Code     8  __main.o(!!!main)
    __scatterload                            0x08000139   Thumb Code     0  __scatter.o(!!!scatter)
    __scatterload_rt2                        0x08000139   Thumb Code    44  __scatter.o(!!!scatter)
    __scatterload_rt2_thumb_only             0x08000139   Thumb Code     0  __scatter.o(!!!scatter)
    __scatterload_null                       0x08000147   Thumb Code     0  __scatter.o(!!!scatter)
    __decompress                             0x0800016d   Thumb Code    90  __dczerorl2.o(!!dczerorl2)
    __decompress1                            0x0800016d   Thumb Code     0  __dczerorl2.o(!!dczerorl2)
    __scatterload_zeroinit                   0x080001c9   Thumb Code    28  __scatter_zi.o(!!handler_zi)
    _printf_percent                          0x080001e5   Thumb Code     0  _printf_percent.o(.ARM.Collect$$_printf_percent$$00000000)
    _printf_percent_end                      0x080001e5   Thumb Code     0  _printf_percent_end.o(.ARM.Collect$$_printf_percent$$00000017)
    __rt_lib_init                            0x080001e9   Thumb Code     0  libinit.o(.ARM.Collect$$libinit$$00000000)
    __rt_lib_init_alloca_1                   0x080001eb   Thumb Code     0  libinit2.o(.ARM.Collect$$libinit$$0000002E)
    __rt_lib_init_argv_1                     0x080001eb   Thumb Code     0  libinit2.o(.ARM.Collect$$libinit$$0000002C)
    __rt_lib_init_atexit_1                   0x080001eb   Thumb Code     0  libinit2.o(.ARM.Collect$$libinit$$0000001B)
    __rt_lib_init_clock_1                    0x080001eb   Thumb Code     0  libinit2.o(.ARM.Collect$$libinit$$00000021)
    __rt_lib_init_cpp_1                      0x080001eb   Thumb Code     0  libinit2.o(.ARM.Collect$$libinit$$00000032)
    __rt_lib_init_exceptions_1               0x080001eb   Thumb Code     0  libinit2.o(.ARM.Collect$$libinit$$00000030)
    __rt_lib_init_fp_1                       0x080001eb   Thumb Code     0  libinit2.o(.ARM.Collect$$libinit$$00000002)
    __rt_lib_init_fp_trap_1                  0x080001eb   Thumb Code     0  libinit2.o(.ARM.Collect$$libinit$$0000001F)
    __rt_lib_init_getenv_1                   0x080001eb   Thumb Code     0  libinit2.o(.ARM.Collect$$libinit$$00000023)
    __rt_lib_init_heap_1                     0x080001eb   Thumb Code     0  libinit2.o(.ARM.Collect$$libinit$$0000000A)
    __rt_lib_init_lc_collate_1               0x080001eb   Thumb Code     0  libinit2.o(.ARM.Collect$$libinit$$00000011)
    __rt_lib_init_lc_ctype_1                 0x080001eb   Thumb Code     0  libinit2.o(.ARM.Collect$$libinit$$00000013)
    __rt_lib_init_lc_monetary_1              0x080001eb   Thumb Code     0  libinit2.o(.ARM.Collect$$libinit$$00000015)
    __rt_lib_init_lc_numeric_1               0x080001eb   Thumb Code     0  libinit2.o(.ARM.Collect$$libinit$$00000017)
    __rt_lib_init_lc_time_1                  0x080001eb   Thumb Code     0  libinit2.o(.ARM.Collect$$libinit$$00000019)
    __rt_lib_init_preinit_1                  0x080001eb   Thumb Code     0  libinit2.o(.ARM.Collect$$libinit$$00000004)
    __rt_lib_init_rand_1                     0x080001eb   Thumb Code     0  libinit2.o(.ARM.Collect$$libinit$$0000000E)
    __rt_lib_init_return                     0x080001eb   Thumb Code     0  libinit2.o(.ARM.Collect$$libinit$$00000033)
    __rt_lib_init_signal_1                   0x080001eb   Thumb Code     0  libinit2.o(.ARM.Collect$$libinit$$0000001D)
    __rt_lib_init_stdio_1                    0x080001eb   Thumb Code     0  libinit2.o(.ARM.Collect$$libinit$$00000025)
    __rt_lib_init_user_alloc_1               0x080001eb   Thumb Code     0  libinit2.o(.ARM.Collect$$libinit$$0000000C)
    __rt_lib_shutdown                        0x080001ed   Thumb Code     0  libshutdown.o(.ARM.Collect$$libshutdown$$00000000)
    __rt_lib_shutdown_fp_trap_1              0x080001ef   Thumb Code     0  libshutdown2.o(.ARM.Collect$$libshutdown$$00000006)
    __rt_lib_shutdown_heap_1                 0x080001ef   Thumb Code     0  libshutdown2.o(.ARM.Collect$$libshutdown$$0000000E)
    __rt_lib_shutdown_return                 0x080001ef   Thumb Code     0  libshutdown2.o(.ARM.Collect$$libshutdown$$0000000F)
    __rt_lib_shutdown_signal_1               0x080001ef   Thumb Code     0  libshutdown2.o(.ARM.Collect$$libshutdown$$00000009)
    __rt_lib_shutdown_stdio_1                0x080001ef   Thumb Code     0  libshutdown2.o(.ARM.Collect$$libshutdown$$00000003)
    __rt_lib_shutdown_user_alloc_1           0x080001ef   Thumb Code     0  libshutdown2.o(.ARM.Collect$$libshutdown$$0000000B)
    __rt_entry                               0x080001f1   Thumb Code     0  __rtentry.o(.ARM.Collect$$rtentry$$00000000)
    __rt_entry_presh_1                       0x080001f1   Thumb Code     0  __rtentry2.o(.ARM.Collect$$rtentry$$00000002)
    __rt_entry_sh                            0x080001f1   Thumb Code     0  __rtentry4.o(.ARM.Collect$$rtentry$$00000004)
    __rt_entry_li                            0x080001f7   Thumb Code     0  __rtentry2.o(.ARM.Collect$$rtentry$$0000000A)
    __rt_entry_postsh_1                      0x080001f7   Thumb Code     0  __rtentry2.o(.ARM.Collect$$rtentry$$00000009)
    __rt_entry_main                          0x080001fb   Thumb Code     0  __rtentry2.o(.ARM.Collect$$rtentry$$0000000D)
    __rt_entry_postli_1                      0x080001fb   Thumb Code     0  __rtentry2.o(.ARM.Collect$$rtentry$$0000000C)
    __rt_exit                                0x08000203   Thumb Code     0  rtexit.o(.ARM.Collect$$rtexit$$00000000)
    __rt_exit_ls                             0x08000205   Thumb Code     0  rtexit2.o(.ARM.Collect$$rtexit$$00000003)
    __rt_exit_prels_1                        0x08000205   Thumb Code     0  rtexit2.o(.ARM.Collect$$rtexit$$00000002)
    __rt_exit_exit                           0x08000209   Thumb Code     0  rtexit2.o(.ARM.Collect$$rtexit$$00000004)
    Reset_Handler                            0x08000211   Thumb Code     8  startup_stm32f10x_hd.o(.text)
    ADC1_2_IRQHandler                        0x0800022b   Thumb Code     0  startup_stm32f10x_hd.o(.text)
    ADC3_IRQHandler                          0x0800022b   Thumb Code     0  startup_stm32f10x_hd.o(.text)
    CAN1_RX1_IRQHandler                      0x0800022b   Thumb Code     0  startup_stm32f10x_hd.o(.text)
    CAN1_SCE_IRQHandler                      0x0800022b   Thumb Code     0  startup_stm32f10x_hd.o(.text)
    DMA1_Channel1_IRQHandler                 0x0800022b   Thumb Code     0  startup_stm32f10x_hd.o(.text)
    DMA1_Channel3_IRQHandler                 0x0800022b   Thumb Code     0  startup_stm32f10x_hd.o(.text)
    DMA1_Channel4_IRQHandler                 0x0800022b   Thumb Code     0  startup_stm32f10x_hd.o(.text)
    DMA1_Channel5_IRQHandler                 0x0800022b   Thumb Code     0  startup_stm32f10x_hd.o(.text)
    DMA1_Channel6_IRQHandler                 0x0800022b   Thumb Code     0  startup_stm32f10x_hd.o(.text)
    DMA1_Channel7_IRQHandler                 0x0800022b   Thumb Code     0  startup_stm32f10x_hd.o(.text)
    DMA2_Channel1_IRQHandler                 0x0800022b   Thumb Code     0  startup_stm32f10x_hd.o(.text)
    DMA2_Channel2_IRQHandler                 0x0800022b   Thumb Code     0  startup_stm32f10x_hd.o(.text)
    DMA2_Channel3_IRQHandler                 0x0800022b   Thumb Code     0  startup_stm32f10x_hd.o(.text)
    DMA2_Channel4_5_IRQHandler               0x0800022b   Thumb Code     0  startup_stm32f10x_hd.o(.text)
    EXTI0_IRQHandler                         0x0800022b   Thumb Code     0  startup_stm32f10x_hd.o(.text)
    EXTI15_10_IRQHandler                     0x0800022b   Thumb Code     0  startup_stm32f10x_hd.o(.text)
    EXTI2_IRQHandler                         0x0800022b   Thumb Code     0  startup_stm32f10x_hd.o(.text)
    EXTI3_IRQHandler                         0x0800022b   Thumb Code     0  startup_stm32f10x_hd.o(.text)
    EXTI4_IRQHandler                         0x0800022b   Thumb Code     0  startup_stm32f10x_hd.o(.text)
    EXTI9_5_IRQHandler                       0x0800022b   Thumb Code     0  startup_stm32f10x_hd.o(.text)
    FLASH_IRQHandler                         0x0800022b   Thumb Code     0  startup_stm32f10x_hd.o(.text)
    FSMC_IRQHandler                          0x0800022b   Thumb Code     0  startup_stm32f10x_hd.o(.text)
    I2C1_ER_IRQHandler                       0x0800022b   Thumb Code     0  startup_stm32f10x_hd.o(.text)
    I2C1_EV_IRQHandler                       0x0800022b   Thumb Code     0  startup_stm32f10x_hd.o(.text)
    I2C2_ER_IRQHandler                       0x0800022b   Thumb Code     0  startup_stm32f10x_hd.o(.text)
    I2C2_EV_IRQHandler                       0x0800022b   Thumb Code     0  startup_stm32f10x_hd.o(.text)
    PVD_IRQHandler                           0x0800022b   Thumb Code     0  startup_stm32f10x_hd.o(.text)
    RCC_IRQHandler                           0x0800022b   Thumb Code     0  startup_stm32f10x_hd.o(.text)
    RTCAlarm_IRQHandler                      0x0800022b   Thumb Code     0  startup_stm32f10x_hd.o(.text)
    RTC_IRQHandler                           0x0800022b   Thumb Code     0  startup_stm32f10x_hd.o(.text)
    SDIO_IRQHandler                          0x0800022b   Thumb Code     0  startup_stm32f10x_hd.o(.text)
    SPI1_IRQHandler                          0x0800022b   Thumb Code     0  startup_stm32f10x_hd.o(.text)
    SPI2_IRQHandler                          0x0800022b   Thumb Code     0  startup_stm32f10x_hd.o(.text)
    SPI3_IRQHandler                          0x0800022b   Thumb Code     0  startup_stm32f10x_hd.o(.text)
    TAMPER_IRQHandler                        0x0800022b   Thumb Code     0  startup_stm32f10x_hd.o(.text)
    TIM1_BRK_IRQHandler                      0x0800022b   Thumb Code     0  startup_stm32f10x_hd.o(.text)
    TIM1_CC_IRQHandler                       0x0800022b   Thumb Code     0  startup_stm32f10x_hd.o(.text)
    TIM1_TRG_COM_IRQHandler                  0x0800022b   Thumb Code     0  startup_stm32f10x_hd.o(.text)
    TIM1_UP_IRQHandler                       0x0800022b   Thumb Code     0  startup_stm32f10x_hd.o(.text)
    TIM3_IRQHandler                          0x0800022b   Thumb Code     0  startup_stm32f10x_hd.o(.text)
    TIM5_IRQHandler                          0x0800022b   Thumb Code     0  startup_stm32f10x_hd.o(.text)
    TIM6_IRQHandler                          0x0800022b   Thumb Code     0  startup_stm32f10x_hd.o(.text)
    TIM7_IRQHandler                          0x0800022b   Thumb Code     0  startup_stm32f10x_hd.o(.text)
    TIM8_BRK_IRQHandler                      0x0800022b   Thumb Code     0  startup_stm32f10x_hd.o(.text)
    TIM8_CC_IRQHandler                       0x0800022b   Thumb Code     0  startup_stm32f10x_hd.o(.text)
    TIM8_TRG_COM_IRQHandler                  0x0800022b   Thumb Code     0  startup_stm32f10x_hd.o(.text)
    TIM8_UP_IRQHandler                       0x0800022b   Thumb Code     0  startup_stm32f10x_hd.o(.text)
    UART4_IRQHandler                         0x0800022b   Thumb Code     0  startup_stm32f10x_hd.o(.text)
    UART5_IRQHandler                         0x0800022b   Thumb Code     0  startup_stm32f10x_hd.o(.text)
    USBWakeUp_IRQHandler                     0x0800022b   Thumb Code     0  startup_stm32f10x_hd.o(.text)
    USB_HP_CAN1_TX_IRQHandler                0x0800022b   Thumb Code     0  startup_stm32f10x_hd.o(.text)
    USB_LP_CAN1_RX0_IRQHandler               0x0800022b   Thumb Code     0  startup_stm32f10x_hd.o(.text)
    WWDG_IRQHandler                          0x0800022b   Thumb Code     0  startup_stm32f10x_hd.o(.text)
    __user_initial_stackheap                 0x0800022d   Thumb Code     0  startup_stm32f10x_hd.o(.text)
    __use_no_semihosting                     0x08000251   Thumb Code     2  use_no_semi_2.o(.text)
    __2sprintf                               0x08000255   Thumb Code    34  noretval__2sprintf.o(.text)
    __printf                                 0x0800027d   Thumb Code   104  __printf.o(.text)
    strlen                                   0x080002e5   Thumb Code    62  strlen.o(.text)
    __aeabi_memclr4                          0x08000323   Thumb Code     0  rt_memclr_w.o(.text)
    __aeabi_memclr8                          0x08000323   Thumb Code     0  rt_memclr_w.o(.text)
    __rt_memclr_w                            0x08000323   Thumb Code    78  rt_memclr_w.o(.text)
    _memset_w                                0x08000327   Thumb Code     0  rt_memclr_w.o(.text)
    __use_two_region_memory                  0x08000371   Thumb Code     2  heapauxi.o(.text)
    __rt_heap_escrow$2region                 0x08000373   Thumb Code     2  heapauxi.o(.text)
    __rt_heap_expand$2region                 0x08000375   Thumb Code     2  heapauxi.o(.text)
    __I$use$semihosting                      0x08000377   Thumb Code     0  use_no_semi.o(.text)
    __use_no_semihosting_swi                 0x08000377   Thumb Code     2  use_no_semi.o(.text)
    __read_errno                             0x08000379   Thumb Code    10  _rserrno.o(.text)
    __set_errno                              0x08000383   Thumb Code    12  _rserrno.o(.text)
    _printf_char_common                      0x0800039b   Thumb Code    32  _printf_char_common.o(.text)
    _sputc                                   0x080003c1   Thumb Code    10  _sputc.o(.text)
    __aeabi_errno_addr                       0x080003cd   Thumb Code     8  rt_errno_addr_intlibspace.o(.text)
    __errno$intlibspace                      0x080003cd   Thumb Code     0  rt_errno_addr_intlibspace.o(.text)
    __rt_errno_addr$intlibspace              0x080003cd   Thumb Code     0  rt_errno_addr_intlibspace.o(.text)
    __user_libspace                          0x080003d5   Thumb Code     8  libspace.o(.text)
    __user_perproc_libspace                  0x080003d5   Thumb Code     0  libspace.o(.text)
    __user_perthread_libspace                0x080003d5   Thumb Code     0  libspace.o(.text)
    __user_setup_stackheap                   0x080003dd   Thumb Code    74  sys_stackheap_outer.o(.text)
    exit                                     0x08000427   Thumb Code    12  exit.o(.text)
    Arm_down                                 0x08000433   Thumb Code    36  action.o(i.Arm_down)
    Arm_lean_backward                        0x08000457   Thumb Code    72  action.o(i.Arm_lean_backward)
    Arm_lean_forward                         0x0800049f   Thumb Code    72  action.o(i.Arm_lean_forward)
    Arm_turn_left                            0x080004e7   Thumb Code    36  action.o(i.Arm_turn_left)
    Arm_turn_right                           0x0800050b   Thumb Code    36  action.o(i.Arm_turn_right)
    Arm_up                                   0x0800052f   Thumb Code    36  action.o(i.Arm_up)
    BusFault_Handler                         0x08000553   Thumb Code     4  stm32f10x_it.o(i.BusFault_Handler)
    Come_up                                  0x08000719   Thumb Code    88  action.o(i.Come_up)
    DMA1_Channel2_IRQHandler                 0x08000779   Thumb Code    34  dma.o(i.DMA1_Channel2_IRQHandler)
    DMA_ClearFlag                            0x080007a5   Thumb Code    18  stm32f10x_dma.o(i.DMA_ClearFlag)
    DMA_Cmd                                  0x080007c1   Thumb Code    24  stm32f10x_dma.o(i.DMA_Cmd)
    DMA_GetFlagStatus                        0x080007d9   Thumb Code    36  stm32f10x_dma.o(i.DMA_GetFlagStatus)
    DMA_Init                                 0x08000805   Thumb Code    60  stm32f10x_dma.o(i.DMA_Init)
    DebugMon_Handler                         0x08000841   Thumb Code     2  stm32f10x_it.o(i.DebugMon_Handler)
    Dive                                     0x08000845   Thumb Code    88  action.o(i.Dive)
    EXTI1_IRQHandler                         0x080008a5   Thumb Code    70  key.o(i.EXTI1_IRQHandler)
    EXTIX_Init                               0x08000909   Thumb Code    54  key.o(i.EXTIX_Init)
    EXTI_ClearITPendingBit                   0x08000945   Thumb Code     6  stm32f10x_exti.o(i.EXTI_ClearITPendingBit)
    EXTI_Init                                0x08000951   Thumb Code   142  stm32f10x_exti.o(i.EXTI_Init)
    ExAction                                 0x080009e5   Thumb Code   146  action.o(i.ExAction)
    FileSystemInit                           0x08000a81   Thumb Code    92  file.o(i.FileSystemInit)
    GPIO_EXTILineConfig                      0x08000c95   Thumb Code    60  stm32f10x_gpio.o(i.GPIO_EXTILineConfig)
    GPIO_Init                                0x08000cd5   Thumb Code   278  stm32f10x_gpio.o(i.GPIO_Init)
    GPIO_SetBits                             0x08000deb   Thumb Code     4  stm32f10x_gpio.o(i.GPIO_SetBits)
    Go_forward                               0x08000df1   Thumb Code   286  action.o(i.Go_forward)
    HardFault_Handler                        0x08000f25   Thumb Code     4  stm32f10x_it.o(i.HardFault_Handler)
    LED_Init                                 0x08000f29   Thumb Code    92  led.o(i.LED_Init)
    LobotCheckSum                            0x08000f8d   Thumb Code    34  ax12.o(i.LobotCheckSum)
    MemManage_Handler                        0x08000faf   Thumb Code     4  stm32f10x_it.o(i.MemManage_Handler)
    NMI_Handler                              0x08000fb3   Thumb Code     2  stm32f10x_it.o(i.NMI_Handler)
    NVIC_Init                                0x08000fb5   Thumb Code   100  misc.o(i.NVIC_Init)
    PendSV_Handler                           0x08001025   Thumb Code     2  stm32f10x_it.o(i.PendSV_Handler)
    RCC_AHBPeriphClockCmd                    0x08001029   Thumb Code    26  stm32f10x_rcc.o(i.RCC_AHBPeriphClockCmd)
    RCC_APB1PeriphClockCmd                   0x08001049   Thumb Code    26  stm32f10x_rcc.o(i.RCC_APB1PeriphClockCmd)
    RCC_APB2PeriphClockCmd                   0x08001069   Thumb Code    26  stm32f10x_rcc.o(i.RCC_APB2PeriphClockCmd)
    RCC_GetClocksFreq                        0x08001089   Thumb Code   192  stm32f10x_rcc.o(i.RCC_GetClocksFreq)
    SDIO_ClearFlag                           0x08001279   Thumb Code     6  stm32f10x_sdio.o(i.SDIO_ClearFlag)
    SDIO_ClockCmd                            0x08001285   Thumb Code     6  stm32f10x_sdio.o(i.SDIO_ClockCmd)
    SDIO_DMACmd                              0x08001291   Thumb Code     6  stm32f10x_sdio.o(i.SDIO_DMACmd)
    SDIO_DataConfig                          0x0800129d   Thumb Code    42  stm32f10x_sdio.o(i.SDIO_DataConfig)
    SDIO_DeInit                              0x080012cd   Thumb Code    28  stm32f10x_sdio.o(i.SDIO_DeInit)
    SDIO_GetCommandResponse                  0x080012f1   Thumb Code     8  stm32f10x_sdio.o(i.SDIO_GetCommandResponse)
    SDIO_GetFlagStatus                       0x080012fd   Thumb Code    20  stm32f10x_sdio.o(i.SDIO_GetFlagStatus)
    SDIO_GetPowerState                       0x08001315   Thumb Code    10  stm32f10x_sdio.o(i.SDIO_GetPowerState)
    SDIO_GetResponse                         0x08001325   Thumb Code    20  stm32f10x_sdio.o(i.SDIO_GetResponse)
    SDIO_ITConfig                            0x0800133d   Thumb Code    26  stm32f10x_sdio.o(i.SDIO_ITConfig)
    SDIO_Init                                0x0800135d   Thumb Code    42  stm32f10x_sdio.o(i.SDIO_Init)
    SDIO_ReadData                            0x0800138d   Thumb Code     6  stm32f10x_sdio.o(i.SDIO_ReadData)
    SDIO_SendCommand                         0x08001399   Thumb Code    38  stm32f10x_sdio.o(i.SDIO_SendCommand)
    SDIO_SetPowerState                       0x080013c5   Thumb Code    22  stm32f10x_sdio.o(i.SDIO_SetPowerState)
    SD_EnableWideBusOperation                0x080014b9   Thumb Code   140  sdio_sdcard.o(i.SD_EnableWideBusOperation)
    SD_GetCardInfo                           0x0800159d   Thumb Code   700  sdio_sdcard.o(i.SD_GetCardInfo)
    SD_GetState                              0x08001869   Thumb Code    26  sdio_sdcard.o(i.SD_GetState)
    SD_GetStatus                             0x08001883   Thumb Code    30  sdio_sdcard.o(i.SD_GetStatus)
    SD_Init                                  0x080018a1   Thumb Code   102  sdio_sdcard.o(i.SD_Init)
    SD_InitializeCards                       0x08001911   Thumb Code   294  sdio_sdcard.o(i.SD_InitializeCards)
    SD_PowerON                               0x08001a4d   Thumb Code   374  sdio_sdcard.o(i.SD_PowerON)
    SD_ReadBlock                             0x08001bd5   Thumb Code   192  sdio_sdcard.o(i.SD_ReadBlock)
    SD_SelectDeselect                        0x08001cb1   Thumb Code    48  sdio_sdcard.o(i.SD_SelectDeselect)
    SD_SendStatus                            0x08001ce5   Thumb Code    46  sdio_sdcard.o(i.SD_SendStatus)
    SD_WaitReadOperation                     0x08001d1d   Thumb Code    42  sdio_sdcard.o(i.SD_WaitReadOperation)
    SD_WaitWriteOperation                    0x08001d51   Thumb Code    50  sdio_sdcard.o(i.SD_WaitWriteOperation)
    SD_WriteBlock                            0x08001d8d   Thumb Code   190  sdio_sdcard.o(i.SD_WriteBlock)
    SD_WriteMultiBlocks                      0x08001e69   Thumb Code   294  sdio_sdcard.o(i.SD_WriteMultiBlocks)
    SVC_Handler                              0x08001fb1   Thumb Code     2  stm32f10x_it.o(i.SVC_Handler)
    Shou_qi                                  0x0800209d   Thumb Code    16  action.o(i.Shou_qi)
    Speed_down                               0x080020b1   Thumb Code    94  action.o(i.Speed_down)
    Speed_up                                 0x0800212d   Thumb Code    94  action.o(i.Speed_up)
    SysTick_CLKSourceConfig                  0x080021a9   Thumb Code    40  misc.o(i.SysTick_CLKSourceConfig)
    SysTick_Handler                          0x080021d1   Thumb Code     2  stm32f10x_it.o(i.SysTick_Handler)
    SystemInit                               0x080021d5   Thumb Code    78  system_stm32f10x.o(i.SystemInit)
    TIM2_IRQHandler                          0x08002235   Thumb Code    32  timer.o(i.TIM2_IRQHandler)
    TIM2_Init                                0x08002259   Thumb Code    72  timer.o(i.TIM2_Init)
    TIM4_IRQHandler                          0x080022a5   Thumb Code   170  pwm.o(i.TIM4_IRQHandler)
    TIM_ClearITPendingBit                    0x08002365   Thumb Code     6  stm32f10x_tim.o(i.TIM_ClearITPendingBit)
    TIM_Cmd                                  0x0800236b   Thumb Code    24  stm32f10x_tim.o(i.TIM_Cmd)
    TIM_GetITStatus                          0x08002383   Thumb Code    34  stm32f10x_tim.o(i.TIM_GetITStatus)
    TIM_ITConfig                             0x080023a5   Thumb Code    18  stm32f10x_tim.o(i.TIM_ITConfig)
    TIM_TimeBaseInit                         0x080023b9   Thumb Code   122  stm32f10x_tim.o(i.TIM_TimeBaseInit)
    Turn_left                                0x0800245d   Thumb Code   286  action.o(i.Turn_left)
    Turn_right                               0x08002591   Thumb Code   286  action.o(i.Turn_right)
    USART1_IRQHandler                        0x080026c5   Thumb Code   274  usart1.o(i.USART1_IRQHandler)
    USART2_IRQHandler                        0x08002805   Thumb Code    38  usart2.o(i.USART2_IRQHandler)
    USART3_IRQHandler                        0x08002839   Thumb Code    40  usart3.o(i.USART3_IRQHandler)
    USART_Init                               0x0800286d   Thumb Code   210  stm32f10x_usart.o(i.USART_Init)
    UsageFault_Handler                       0x08002945   Thumb Code     4  stm32f10x_it.o(i.UsageFault_Handler)
    __ARM_fpclassify                         0x08002949   Thumb Code    40  fpclassify.o(i.__ARM_fpclassify)
    __ieee754_rem_pio2                       0x08002971   Thumb Code   828  rred.o(i.__ieee754_rem_pio2)
    __kernel_cos                             0x08002cf9   Thumb Code   230  cos_i.o(i.__kernel_cos)
    __kernel_poly                            0x08002df5   Thumb Code   170  poly.o(i.__kernel_poly)
    __kernel_sin                             0x08002ea1   Thumb Code   224  sin_i.o(i.__kernel_sin)
    __mathlib_dbl_infnan                     0x08002f8d   Thumb Code     6  dunder.o(i.__mathlib_dbl_infnan)
    __mathlib_dbl_invalid                    0x08002f93   Thumb Code    12  dunder.o(i.__mathlib_dbl_invalid)
    __mathlib_dbl_underflow                  0x08002fa1   Thumb Code    10  dunder.o(i.__mathlib_dbl_underflow)
    _sys_exit                                0x08002fb1   Thumb Code     4  ustdout.o(i._sys_exit)
    axAllPosition                            0x08002fb5   Thumb Code    42  ax12.o(i.axAllPosition)
    axAnalizePosition                        0x08002fdf   Thumb Code    94  ax12.o(i.axAnalizePosition)
    axGetPosition                            0x0800303d   Thumb Code    82  ax12.o(i.axGetPosition)
    axSendPack                               0x08003099   Thumb Code   130  ax12.o(i.axSendPack)
    axSendPosition                           0x0800311b   Thumb Code    60  ax12.o(i.axSendPosition)
    ax_usartx_senddat                        0x08003157   Thumb Code    16  ax12.o(i.ax_usartx_senddat)
    delay_init                               0x080035bd   Thumb Code    50  delay.o(i.delay_init)
    delay_ms                                 0x08003601   Thumb Code    72  delay.o(i.delay_ms)
    disk_initialize                          0x08003a91   Thumb Code    20  diskio.o(i.disk_initialize)
    disk_ioctl                               0x08003aa5   Thumb Code    52  diskio.o(i.disk_ioctl)
    disk_read                                0x08003ad9   Thumb Code    58  diskio.o(i.disk_read)
    disk_status                              0x08003b13   Thumb Code     6  diskio.o(i.disk_status)
    disk_write                               0x08003b19   Thumb Code    78  diskio.o(i.disk_write)
    f_closedir                               0x08003b67   Thumb Code    24  ff.o(i.f_closedir)
    f_mkdir                                  0x08003b7f   Thumb Code   350  ff.o(i.f_mkdir)
    f_mount                                  0x08003cdd   Thumb Code    86  ff.o(i.f_mount)
    f_opendir                                0x08003d39   Thumb Code   112  ff.o(i.f_opendir)
    ff_convert                               0x08003da9   Thumb Code    70  ccsbcs.o(i.ff_convert)
    ff_wtoupper                              0x08003df5   Thumb Code   156  ccsbcs.o(i.ff_wtoupper)
    get_fattime                              0x080043d1   Thumb Code     4  diskio.o(i.get_fattime)
    key_init                                 0x0800441d   Thumb Code    52  key.o(i.key_init)
    main                                     0x080044a5   Thumb Code   120  main.o(i.main)
    sin                                      0x08004809   Thumb Code   150  sin.o(i.sin)
    usart1_init                              0x080049f5   Thumb Code   120  usart1.o(i.usart1_init)
    usart3_init                              0x08004a81   Thumb Code   142  usart3.o(i.usart3_init)
    usart3_senddat                           0x08004b25   Thumb Code    56  usart3.o(i.usart3_senddat)
    usart_moderx                             0x08004b61   Thumb Code    28  usart_tren.o(i.usart_moderx)
    usart_modetx                             0x08004b89   Thumb Code    28  usart_tren.o(i.usart_modetx)
    usart_tren_init                          0x08004bb1   Thumb Code    42  usart_tren.o(i.usart_tren_init)
    __aeabi_d2f                              0x08004c25   Thumb Code     0  d2f.o(x$fpl$d2f)
    _d2f                                     0x08004c25   Thumb Code    98  d2f.o(x$fpl$d2f)
    __aeabi_dadd                             0x08004c89   Thumb Code     0  daddsub_clz.o(x$fpl$dadd)
    _dadd                                    0x08004c89   Thumb Code   332  daddsub_clz.o(x$fpl$dadd)
    __fpl_dcheck_NaN1                        0x08004dd9   Thumb Code    10  dcheck1.o(x$fpl$dcheck1)
    __fpl_dcmp_Inf                           0x08004de9   Thumb Code    24  dcmpi.o(x$fpl$dcmpinf)
    __aeabi_ddiv                             0x08004e01   Thumb Code     0  ddiv.o(x$fpl$ddiv)
    _ddiv                                    0x08004e01   Thumb Code   552  ddiv.o(x$fpl$ddiv)
    __aeabi_d2iz                             0x080050b1   Thumb Code     0  dfix.o(x$fpl$dfix)
    _dfix                                    0x080050b1   Thumb Code    94  dfix.o(x$fpl$dfix)
    __aeabi_i2d                              0x0800510f   Thumb Code     0  dflt_clz.o(x$fpl$dflt)
    _dflt                                    0x0800510f   Thumb Code    46  dflt_clz.o(x$fpl$dflt)
    __aeabi_ui2d                             0x0800513d   Thumb Code     0  dflt_clz.o(x$fpl$dfltu)
    _dfltu                                   0x0800513d   Thumb Code    38  dflt_clz.o(x$fpl$dfltu)
    __aeabi_cdcmple                          0x08005165   Thumb Code     0  dleqf.o(x$fpl$dleqf)
    _dcmple                                  0x08005165   Thumb Code   120  dleqf.o(x$fpl$dleqf)
    __fpl_dcmple_InfNaN                      0x080051c7   Thumb Code     0  dleqf.o(x$fpl$dleqf)
    __aeabi_dmul                             0x080051dd   Thumb Code     0  dmul.o(x$fpl$dmul)
    _dmul                                    0x080051dd   Thumb Code   332  dmul.o(x$fpl$dmul)
    __fpl_dnaninf                            0x08005331   Thumb Code   156  dnaninf.o(x$fpl$dnaninf)
    __fpl_dretinf                            0x080053cd   Thumb Code    12  dretinf.o(x$fpl$dretinf)
    __aeabi_cdrcmple                         0x080053d9   Thumb Code     0  drleqf.o(x$fpl$drleqf)
    _drcmple                                 0x080053d9   Thumb Code   108  drleqf.o(x$fpl$drleqf)
    __aeabi_drsub                            0x08005445   Thumb Code     0  daddsub_clz.o(x$fpl$drsb)
    _drsb                                    0x08005445   Thumb Code    22  daddsub_clz.o(x$fpl$drsb)
    __aeabi_dsub                             0x0800545d   Thumb Code     0  daddsub_clz.o(x$fpl$dsub)
    _dsub                                    0x0800545d   Thumb Code   464  daddsub_clz.o(x$fpl$dsub)
    __aeabi_f2d                              0x08005631   Thumb Code     0  f2d.o(x$fpl$f2d)
    _f2d                                     0x08005631   Thumb Code    86  f2d.o(x$fpl$f2d)
    __aeabi_fadd                             0x08005689   Thumb Code     0  faddsub_clz.o(x$fpl$fadd)
    _fadd                                    0x08005689   Thumb Code   196  faddsub_clz.o(x$fpl$fadd)
    __aeabi_f2uiz                            0x0800574d   Thumb Code     0  ffixu.o(x$fpl$ffixu)
    _ffixu                                   0x0800574d   Thumb Code    62  ffixu.o(x$fpl$ffixu)
    __aeabi_ui2f                             0x0800578d   Thumb Code     0  fflt_clz.o(x$fpl$ffltu)
    _ffltu                                   0x0800578d   Thumb Code    38  fflt_clz.o(x$fpl$ffltu)
    __aeabi_fmul                             0x080057b5   Thumb Code     0  fmul.o(x$fpl$fmul)
    _fmul                                    0x080057b5   Thumb Code   258  fmul.o(x$fpl$fmul)
    __fpl_fnaninf                            0x080058b7   Thumb Code   140  fnaninf.o(x$fpl$fnaninf)
    __fpl_fretinf                            0x08005943   Thumb Code    10  fretinf.o(x$fpl$fretinf)
    __aeabi_frsub                            0x0800594d   Thumb Code     0  faddsub_clz.o(x$fpl$frsb)
    _frsb                                    0x0800594d   Thumb Code    20  faddsub_clz.o(x$fpl$frsb)
    __aeabi_fsub                             0x08005961   Thumb Code     0  faddsub_clz.o(x$fpl$fsub)
    _fsub                                    0x08005961   Thumb Code   234  faddsub_clz.o(x$fpl$fsub)
    __fpl_return_NaN                         0x08005a4b   Thumb Code   100  retnan.o(x$fpl$retnan)
    __ARM_scalbn                             0x08005aaf   Thumb Code    92  scalbn.o(x$fpl$scalbn)
    __fpl_cmpreturn                          0x08005b0b   Thumb Code    48  trapv.o(x$fpl$trapveneer)
    __I$use$fp                               0x08005b3a   Number         0  usenofp.o(x$fpl$usenofp)
    Region$$Table$$Base                      0x080060d8   Number         0  anon$$obj.o(Region$$Table)
    Region$$Table$$Limit                     0x080060f8   Number         0  anon$$obj.o(Region$$Table)
    SystemCoreClock                          0x20000000   Data           4  system_stm32f10x.o(.data)
    AHBPrescTable                            0x20000004   Data          16  system_stm32f10x.o(.data)
    USART1_NVIC_CONFIG                       0x2000002c   Data           4  intconfig.o(.data)
    USART2_NVIC_CONFIG                       0x20000030   Data           4  intconfig.o(.data)
    USART3_NVIC_CONFIG                       0x20000034   Data           4  intconfig.o(.data)
    TIM2_NVIC_CONFIG                         0x20000038   Data           4  intconfig.o(.data)
    TIM3_NVIC_CONFIG                         0x2000003c   Data           4  intconfig.o(.data)
    TIM4_NVIC_CONFIG                         0x20000040   Data           4  intconfig.o(.data)
    DMA1_Channel7_NVIC_CONFIG                0x20000044   Data           4  intconfig.o(.data)
    EXIT1_NVIC_CONFIG                        0x20000048   Data           4  intconfig.o(.data)
    continue_or_not                          0x2000004c   Data           1  usart1.o(.data)
    u1len                                    0x20000050   Data           4  usart1.o(.data)
    action                                   0x20000054   Data           1  usart1.o(.data)
    getAction                                0x20000055   Data           1  usart1.o(.data)
    u1len_action                             0x20000058   Data           4  usart1.o(.data)
    u2len                                    0x20000060   Data           4  usart2.o(.data)
    u3len                                    0x20000064   Data           4  usart3.o(.data)
    count_sec                                0x20000068   Data           4  timer.o(.data)
    StopCondition                            0x20000074   Data           4  sdio_sdcard.o(.data)
    TransferError                            0x20000078   Data           1  sdio_sdcard.o(.data)
    TransferEnd                              0x2000007c   Data           4  sdio_sdcard.o(.data)
    DMA1_BUSY_FLAG                           0x20000080   Data           1  dma.o(.data)
    cur_steel_tim4                           0x20000082   Data           1  pwm.o(.data)
    cur_steel_tim3                           0x20000083   Data           1  pwm.o(.data)
    steel1_pst                               0x20000084   Data           2  pwm.o(.data)
    steel2_pst                               0x20000086   Data           2  pwm.o(.data)
    steel3_pst                               0x20000088   Data           2  pwm.o(.data)
    steel4_pst                               0x2000008a   Data           2  pwm.o(.data)
    InitialPosition                          0x2000008c   Data          24  config.o(.data)
    InitialPosition_with_arm                 0x200000a4   Data          30  config.o(.data)
    Pos_go_ahead                             0x200000c2   Data         264  config.o(.data)
    Pos_turn_left                            0x200001ca   Data         264  config.o(.data)
    Pos_turn_right                           0x200002d2   Data         264  config.o(.data)
    fangxia                                  0x200003da   Data          24  config.o(.data)
    shouqi                                   0x200003f2   Data          24  config.o(.data)
    state                                    0x2000040c   Data           1  action.o(.data)
    speed                                    0x20000410   Data           4  action.o(.data)
    stop                                     0x20000414   Data           1  action.o(.data)
    receive_state                            0x20000420   Data           1  protocal.o(.data)
    Present_DataLength                       0x20000422   Data           2  protocal.o(.data)
    GetProtocal                              0x20000424   Data           1  protocal.o(.data)
    rand                                     0x20000428   Data           4  protocal.o(.data)
    ax_receive                               0x2000042c   Data           1  protocal.o(.data)
    fds                                      0x20000430   Data           1  file.o(.data)
    cur_time_ms                              0x20000434   Data           4  file.o(.data)
    next_action_ms                           0x20000438   Data           4  file.o(.data)
    order_flag                               0x2000043c   Data           1  file.o(.data)
    u1buf                                    0x20000450   Data         256  usart1.o(.bss)
    u1buf_action                             0x20000550   Data         256  usart1.o(.bss)
    u2buf                                    0x20000650   Data         256  usart2.o(.bss)
    u3buf                                    0x20000750   Data         512  usart3.o(.bss)
    SDCardInfo                               0x20000980   Data          80  sdio_sdcard.o(.bss)
    SDIO_InitStructure                       0x200009d0   Data          24  sdio_sdcard.o(.bss)
    SDIO_CmdInitStructure                    0x200009e8   Data          20  sdio_sdcard.o(.bss)
    SDIO_DataInitStructure                   0x200009fc   Data          24  sdio_sdcard.o(.bss)
    Command_Buffer                           0x20000c14   Data         208  protocal.o(.bss)
    Ax_Position                              0x20000ce4   Data         100  protocal.o(.bss)
    ax_long_receive                          0x20000d48   Data         200  protocal.o(.bss)
    fs                                       0x20000e10   Data         564  file.o(.bss)
    __libspace_start                         0x20001720   Data          96  libspace.o(.bss)
    __temporary_stack_top$libspace           0x20001780   Data           0  libspace.o(.bss)



==============================================================================

Memory Map of the image

  Image Entry point : 0x08000211

  Load Region LR_1 (Base: 0x08000000, Size: 0x00006548, Max: 0xffffffff, ABSOLUTE, COMPRESSED[0x000061e8])

    Execution Region ER_RO (Base: 0x08000000, Size: 0x000060f8, Max: 0xffffffff, ABSOLUTE)

    Base Addr    Size         Type   Attr      Idx    E Section Name        Object

    0x08000000   0x00000130   Data   RO          414    RESET               startup_stm32f10x_hd.o
    0x08000130   0x00000008   Code   RO         4767  * !!!main             c_w.l(__main.o)
    0x08000138   0x00000034   Code   RO         5056    !!!scatter          c_w.l(__scatter.o)
    0x0800016c   0x0000005a   Code   RO         5054    !!dczerorl2         c_w.l(__dczerorl2.o)
    0x080001c6   0x00000002   PAD
    0x080001c8   0x0000001c   Code   RO         5058    !!handler_zi        c_w.l(__scatter_zi.o)
    0x080001e4   0x00000000   Code   RO         4754    .ARM.Collect$$_printf_percent$$00000000  c_w.l(_printf_percent.o)
    0x080001e4   0x00000004   Code   RO         4838    .ARM.Collect$$_printf_percent$$00000017  c_w.l(_printf_percent_end.o)
    0x080001e8   0x00000002   Code   RO         4926    .ARM.Collect$$libinit$$00000000  c_w.l(libinit.o)
    0x080001ea   0x00000000   Code   RO         4932    .ARM.Collect$$libinit$$00000002  c_w.l(libinit2.o)
    0x080001ea   0x00000000   Code   RO         4934    .ARM.Collect$$libinit$$00000004  c_w.l(libinit2.o)
    0x080001ea   0x00000000   Code   RO         4937    .ARM.Collect$$libinit$$0000000A  c_w.l(libinit2.o)
    0x080001ea   0x00000000   Code   RO         4939    .ARM.Collect$$libinit$$0000000C  c_w.l(libinit2.o)
    0x080001ea   0x00000000   Code   RO         4941    .ARM.Collect$$libinit$$0000000E  c_w.l(libinit2.o)
    0x080001ea   0x00000000   Code   RO         4944    .ARM.Collect$$libinit$$00000011  c_w.l(libinit2.o)
    0x080001ea   0x00000000   Code   RO         4946    .ARM.Collect$$libinit$$00000013  c_w.l(libinit2.o)
    0x080001ea   0x00000000   Code   RO         4948    .ARM.Collect$$libinit$$00000015  c_w.l(libinit2.o)
    0x080001ea   0x00000000   Code   RO         4950    .ARM.Collect$$libinit$$00000017  c_w.l(libinit2.o)
    0x080001ea   0x00000000   Code   RO         4952    .ARM.Collect$$libinit$$00000019  c_w.l(libinit2.o)
    0x080001ea   0x00000000   Code   RO         4954    .ARM.Collect$$libinit$$0000001B  c_w.l(libinit2.o)
    0x080001ea   0x00000000   Code   RO         4956    .ARM.Collect$$libinit$$0000001D  c_w.l(libinit2.o)
    0x080001ea   0x00000000   Code   RO         4958    .ARM.Collect$$libinit$$0000001F  c_w.l(libinit2.o)
    0x080001ea   0x00000000   Code   RO         4960    .ARM.Collect$$libinit$$00000021  c_w.l(libinit2.o)
    0x080001ea   0x00000000   Code   RO         4962    .ARM.Collect$$libinit$$00000023  c_w.l(libinit2.o)
    0x080001ea   0x00000000   Code   RO         4964    .ARM.Collect$$libinit$$00000025  c_w.l(libinit2.o)
    0x080001ea   0x00000000   Code   RO         4968    .ARM.Collect$$libinit$$0000002C  c_w.l(libinit2.o)
    0x080001ea   0x00000000   Code   RO         4970    .ARM.Collect$$libinit$$0000002E  c_w.l(libinit2.o)
    0x080001ea   0x00000000   Code   RO         4972    .ARM.Collect$$libinit$$00000030  c_w.l(libinit2.o)
    0x080001ea   0x00000000   Code   RO         4974    .ARM.Collect$$libinit$$00000032  c_w.l(libinit2.o)
    0x080001ea   0x00000002   Code   RO         4975    .ARM.Collect$$libinit$$00000033  c_w.l(libinit2.o)
    0x080001ec   0x00000002   Code   RO         4997    .ARM.Collect$$libshutdown$$00000000  c_w.l(libshutdown.o)
    0x080001ee   0x00000000   Code   RO         5008    .ARM.Collect$$libshutdown$$00000003  c_w.l(libshutdown2.o)
    0x080001ee   0x00000000   Code   RO         5011    .ARM.Collect$$libshutdown$$00000006  c_w.l(libshutdown2.o)
    0x080001ee   0x00000000   Code   RO         5014    .ARM.Collect$$libshutdown$$00000009  c_w.l(libshutdown2.o)
    0x080001ee   0x00000000   Code   RO         5016    .ARM.Collect$$libshutdown$$0000000B  c_w.l(libshutdown2.o)
    0x080001ee   0x00000000   Code   RO         5019    .ARM.Collect$$libshutdown$$0000000E  c_w.l(libshutdown2.o)
    0x080001ee   0x00000002   Code   RO         5020    .ARM.Collect$$libshutdown$$0000000F  c_w.l(libshutdown2.o)
    0x080001f0   0x00000000   Code   RO         4827    .ARM.Collect$$rtentry$$00000000  c_w.l(__rtentry.o)
    0x080001f0   0x00000000   Code   RO         4879    .ARM.Collect$$rtentry$$00000002  c_w.l(__rtentry2.o)
    0x080001f0   0x00000006   Code   RO         4891    .ARM.Collect$$rtentry$$00000004  c_w.l(__rtentry4.o)
    0x080001f6   0x00000000   Code   RO         4881    .ARM.Collect$$rtentry$$00000009  c_w.l(__rtentry2.o)
    0x080001f6   0x00000004   Code   RO         4882    .ARM.Collect$$rtentry$$0000000A  c_w.l(__rtentry2.o)
    0x080001fa   0x00000000   Code   RO         4884    .ARM.Collect$$rtentry$$0000000C  c_w.l(__rtentry2.o)
    0x080001fa   0x00000008   Code   RO         4885    .ARM.Collect$$rtentry$$0000000D  c_w.l(__rtentry2.o)
    0x08000202   0x00000002   Code   RO         4929    .ARM.Collect$$rtexit$$00000000  c_w.l(rtexit.o)
    0x08000204   0x00000000   Code   RO         4979    .ARM.Collect$$rtexit$$00000002  c_w.l(rtexit2.o)
    0x08000204   0x00000004   Code   RO         4980    .ARM.Collect$$rtexit$$00000003  c_w.l(rtexit2.o)
    0x08000208   0x00000006   Code   RO         4981    .ARM.Collect$$rtexit$$00000004  c_w.l(rtexit2.o)
    0x0800020e   0x00000002   PAD
    0x08000210   0x00000040   Code   RO          415  * .text               startup_stm32f10x_hd.o
    0x08000250   0x00000002   Code   RO         4719    .text               c_w.l(use_no_semi_2.o)
    0x08000252   0x00000002   PAD
    0x08000254   0x00000028   Code   RO         4727    .text               c_w.l(noretval__2sprintf.o)
    0x0800027c   0x00000068   Code   RO         4729    .text               c_w.l(__printf.o)
    0x080002e4   0x0000003e   Code   RO         4755    .text               c_w.l(strlen.o)
    0x08000322   0x0000004e   Code   RO         4763    .text               c_w.l(rt_memclr_w.o)
    0x08000370   0x00000006   Code   RO         4765    .text               c_w.l(heapauxi.o)
    0x08000376   0x00000002   Code   RO         4825    .text               c_w.l(use_no_semi.o)
    0x08000378   0x00000016   Code   RO         4828    .text               c_w.l(_rserrno.o)
    0x0800038e   0x00000002   PAD
    0x08000390   0x00000030   Code   RO         4832    .text               c_w.l(_printf_char_common.o)
    0x080003c0   0x0000000a   Code   RO         4834    .text               c_w.l(_sputc.o)
    0x080003ca   0x00000002   PAD
    0x080003cc   0x00000008   Code   RO         4896    .text               c_w.l(rt_errno_addr_intlibspace.o)
    0x080003d4   0x00000008   Code   RO         4914    .text               c_w.l(libspace.o)
    0x080003dc   0x0000004a   Code   RO         4917    .text               c_w.l(sys_stackheap_outer.o)
    0x08000426   0x0000000c   Code   RO         4919    .text               c_w.l(exit.o)
    0x08000432   0x00000024   Code   RO         3910    i.Arm_down          action.o
    0x08000456   0x00000048   Code   RO         3911    i.Arm_lean_backward  action.o
    0x0800049e   0x00000048   Code   RO         3912    i.Arm_lean_forward  action.o
    0x080004e6   0x00000024   Code   RO         3913    i.Arm_turn_left     action.o
    0x0800050a   0x00000024   Code   RO         3914    i.Arm_turn_right    action.o
    0x0800052e   0x00000024   Code   RO         3915    i.Arm_up            action.o
    0x08000552   0x00000004   Code   RO          227    i.BusFault_Handler  stm32f10x_it.o
    0x08000556   0x0000002c   Code   RO         3599    i.CmdError          sdio_sdcard.o
    0x08000582   0x00000002   PAD
    0x08000584   0x00000028   Code   RO         3600    i.CmdResp1Error     sdio_sdcard.o
    0x080005ac   0x0000004c   Code   RO         3601    i.CmdResp2Error     sdio_sdcard.o
    0x080005f8   0x00000038   Code   RO         3602    i.CmdResp3Error     sdio_sdcard.o
    0x08000630   0x0000009c   Code   RO         3603    i.CmdResp6Error     sdio_sdcard.o
    0x080006cc   0x0000004c   Code   RO         3604    i.CmdResp7Error     sdio_sdcard.o
    0x08000718   0x00000060   Code   RO         3916    i.Come_up           action.o
    0x08000778   0x0000002c   Code   RO         3818    i.DMA1_Channel2_IRQHandler  dma.o
    0x080007a4   0x0000001c   Code   RO         1144    i.DMA_ClearFlag     stm32f10x_dma.o
    0x080007c0   0x00000018   Code   RO         1146    i.DMA_Cmd           stm32f10x_dma.o
    0x080007d8   0x0000002c   Code   RO         1149    i.DMA_GetFlagStatus  stm32f10x_dma.o
    0x08000804   0x0000003c   Code   RO         1152    i.DMA_Init          stm32f10x_dma.o
    0x08000840   0x00000002   Code   RO          228    i.DebugMon_Handler  stm32f10x_it.o
    0x08000842   0x00000002   PAD
    0x08000844   0x00000060   Code   RO         3917    i.Dive              action.o
    0x080008a4   0x00000064   Code   RO         3873    i.EXTI1_IRQHandler  key.o
    0x08000908   0x0000003c   Code   RO         3874    i.EXTIX_Init        key.o
    0x08000944   0x0000000c   Code   RO         1217    i.EXTI_ClearITPendingBit  stm32f10x_exti.o
    0x08000950   0x00000094   Code   RO         1222    i.EXTI_Init         stm32f10x_exti.o
    0x080009e4   0x0000009c   Code   RO         3918    i.ExAction          action.o
    0x08000a80   0x00000078   Code   RO         4612    i.FileSystemInit    file.o
    0x08000af8   0x0000019c   Code   RO         3605    i.FindSCR           sdio_sdcard.o
    0x08000c94   0x00000040   Code   RO         1567    i.GPIO_EXTILineConfig  stm32f10x_gpio.o
    0x08000cd4   0x00000116   Code   RO         1570    i.GPIO_Init         stm32f10x_gpio.o
    0x08000dea   0x00000004   Code   RO         1578    i.GPIO_SetBits      stm32f10x_gpio.o
    0x08000dee   0x00000002   PAD
    0x08000df0   0x00000134   Code   RO         3919    i.Go_forward        action.o
    0x08000f24   0x00000004   Code   RO          229    i.HardFault_Handler  stm32f10x_it.o
    0x08000f28   0x00000064   Code   RO         3560    i.LED_Init          led.o
    0x08000f8c   0x00000022   Code   RO         4438    i.LobotCheckSum     ax12.o
    0x08000fae   0x00000004   Code   RO          230    i.MemManage_Handler  stm32f10x_it.o
    0x08000fb2   0x00000002   Code   RO          231    i.NMI_Handler       stm32f10x_it.o
    0x08000fb4   0x00000070   Code   RO          419    i.NVIC_Init         misc.o
    0x08001024   0x00000002   Code   RO          232    i.PendSV_Handler    stm32f10x_it.o
    0x08001026   0x00000002   PAD
    0x08001028   0x00000020   Code   RO         1985    i.RCC_AHBPeriphClockCmd  stm32f10x_rcc.o
    0x08001048   0x00000020   Code   RO         1986    i.RCC_APB1PeriphClockCmd  stm32f10x_rcc.o
    0x08001068   0x00000020   Code   RO         1988    i.RCC_APB2PeriphClockCmd  stm32f10x_rcc.o
    0x08001088   0x000000d4   Code   RO         1996    i.RCC_GetClocksFreq  stm32f10x_rcc.o
    0x0800115c   0x0000011c   Code   RO         3607    i.SDEnWideBus       sdio_sdcard.o
    0x08001278   0x0000000c   Code   RO         2275    i.SDIO_ClearFlag    stm32f10x_sdio.o
    0x08001284   0x0000000c   Code   RO         2277    i.SDIO_ClockCmd     stm32f10x_sdio.o
    0x08001290   0x0000000c   Code   RO         2280    i.SDIO_DMACmd       stm32f10x_sdio.o
    0x0800129c   0x00000030   Code   RO         2281    i.SDIO_DataConfig   stm32f10x_sdio.o
    0x080012cc   0x00000024   Code   RO         2283    i.SDIO_DeInit       stm32f10x_sdio.o
    0x080012f0   0x0000000c   Code   RO         2284    i.SDIO_GetCommandResponse  stm32f10x_sdio.o
    0x080012fc   0x00000018   Code   RO         2287    i.SDIO_GetFlagStatus  stm32f10x_sdio.o
    0x08001314   0x00000010   Code   RO         2289    i.SDIO_GetPowerState  stm32f10x_sdio.o
    0x08001324   0x00000018   Code   RO         2290    i.SDIO_GetResponse  stm32f10x_sdio.o
    0x0800133c   0x00000020   Code   RO         2291    i.SDIO_ITConfig     stm32f10x_sdio.o
    0x0800135c   0x00000030   Code   RO         2292    i.SDIO_Init         stm32f10x_sdio.o
    0x0800138c   0x0000000c   Code   RO         2293    i.SDIO_ReadData     stm32f10x_sdio.o
    0x08001398   0x0000002c   Code   RO         2295    i.SDIO_SendCommand  stm32f10x_sdio.o
    0x080013c4   0x0000001c   Code   RO         2297    i.SDIO_SetPowerState  stm32f10x_sdio.o
    0x080013e0   0x00000010   Code   RO         3608    i.SD_DMAEndOfTransferStatus  sdio_sdcard.o
    0x080013f0   0x00000064   Code   RO         3609    i.SD_DMA_RxConfig   sdio_sdcard.o
    0x08001454   0x00000064   Code   RO         3610    i.SD_DMA_TxConfig   sdio_sdcard.o
    0x080014b8   0x00000094   Code   RO         3612    i.SD_EnableWideBusOperation  sdio_sdcard.o
    0x0800154c   0x00000050   Code   RO         3614    i.SD_GPIO_Configuration  sdio_sdcard.o
    0x0800159c   0x000002cc   Code   RO         3615    i.SD_GetCardInfo    sdio_sdcard.o
    0x08001868   0x0000001a   Code   RO         3617    i.SD_GetState       sdio_sdcard.o
    0x08001882   0x0000001e   Code   RO         3618    i.SD_GetStatus      sdio_sdcard.o
    0x080018a0   0x00000070   Code   RO         3620    i.SD_Init           sdio_sdcard.o
    0x08001910   0x0000013c   Code   RO         3621    i.SD_InitializeCards  sdio_sdcard.o
    0x08001a4c   0x00000188   Code   RO         3623    i.SD_PowerON        sdio_sdcard.o
    0x08001bd4   0x000000dc   Code   RO         3625    i.SD_ReadBlock      sdio_sdcard.o
    0x08001cb0   0x00000034   Code   RO         3627    i.SD_SelectDeselect  sdio_sdcard.o
    0x08001ce4   0x00000038   Code   RO         3629    i.SD_SendStatus     sdio_sdcard.o
    0x08001d1c   0x00000034   Code   RO         3631    i.SD_WaitReadOperation  sdio_sdcard.o
    0x08001d50   0x0000003c   Code   RO         3632    i.SD_WaitWriteOperation  sdio_sdcard.o
    0x08001d8c   0x000000dc   Code   RO         3633    i.SD_WriteBlock     sdio_sdcard.o
    0x08001e68   0x00000148   Code   RO         3634    i.SD_WriteMultiBlocks  sdio_sdcard.o
    0x08001fb0   0x00000002   Code   RO          233    i.SVC_Handler       stm32f10x_it.o
    0x08001fb2   0x00000008   Code   RO          193    i.SetSysClock       system_stm32f10x.o
    0x08001fba   0x00000002   PAD
    0x08001fbc   0x000000e0   Code   RO          194    i.SetSysClockTo72   system_stm32f10x.o
    0x0800209c   0x00000014   Code   RO         3921    i.Shou_qi           action.o
    0x080020b0   0x0000007c   Code   RO         3922    i.Speed_down        action.o
    0x0800212c   0x0000007c   Code   RO         3923    i.Speed_up          action.o
    0x080021a8   0x00000028   Code   RO          423    i.SysTick_CLKSourceConfig  misc.o
    0x080021d0   0x00000002   Code   RO          234    i.SysTick_Handler   stm32f10x_it.o
    0x080021d2   0x00000002   PAD
    0x080021d4   0x00000060   Code   RO          196    i.SystemInit        system_stm32f10x.o
    0x08002234   0x00000024   Code   RO         3572    i.TIM2_IRQHandler   timer.o
    0x08002258   0x0000004c   Code   RO         3573    i.TIM2_Init         timer.o
    0x080022a4   0x000000c0   Code   RO         3846    i.TIM4_IRQHandler   pwm.o
    0x08002364   0x00000006   Code   RO         2615    i.TIM_ClearITPendingBit  stm32f10x_tim.o
    0x0800236a   0x00000018   Code   RO         2620    i.TIM_Cmd           stm32f10x_tim.o
    0x08002382   0x00000022   Code   RO         2641    i.TIM_GetITStatus   stm32f10x_tim.o
    0x080023a4   0x00000012   Code   RO         2645    i.TIM_ITConfig      stm32f10x_tim.o
    0x080023b6   0x00000002   PAD
    0x080023b8   0x000000a4   Code   RO         2691    i.TIM_TimeBaseInit  stm32f10x_tim.o
    0x0800245c   0x00000134   Code   RO         3924    i.Turn_left         action.o
    0x08002590   0x00000134   Code   RO         3925    i.Turn_right        action.o
    0x080026c4   0x00000140   Code   RO         3432    i.USART1_IRQHandler  usart1.o
    0x08002804   0x00000034   Code   RO         3472    i.USART2_IRQHandler  usart2.o
    0x08002838   0x00000034   Code   RO         3504    i.USART3_IRQHandler  usart3.o
    0x0800286c   0x000000d8   Code   RO         3163    i.USART_Init        stm32f10x_usart.o
    0x08002944   0x00000004   Code   RO          235    i.UsageFault_Handler  stm32f10x_it.o
    0x08002948   0x00000028   Code   RO         4910    i.__ARM_fpclassify  m_ws.l(fpclassify.o)
    0x08002970   0x00000388   Code   RO         4867    i.__ieee754_rem_pio2  m_ws.l(rred.o)
    0x08002cf8   0x000000fc   Code   RO         4850    i.__kernel_cos      m_ws.l(cos_i.o)
    0x08002df4   0x000000aa   Code   RO         4912    i.__kernel_poly     m_ws.l(poly.o)
    0x08002e9e   0x00000002   PAD
    0x08002ea0   0x000000ec   Code   RO         4872    i.__kernel_sin      m_ws.l(sin_i.o)
    0x08002f8c   0x00000006   Code   RO         4854    i.__mathlib_dbl_infnan  m_ws.l(dunder.o)
    0x08002f92   0x0000000c   Code   RO         4856    i.__mathlib_dbl_invalid  m_ws.l(dunder.o)
    0x08002f9e   0x00000002   PAD
    0x08002fa0   0x00000010   Code   RO         4859    i.__mathlib_dbl_underflow  m_ws.l(dunder.o)
    0x08002fb0   0x00000004   Code   RO         3398    i._sys_exit         ustdout.o
    0x08002fb4   0x0000002a   Code   RO         4439    i.axAllPosition     ax12.o
    0x08002fde   0x0000005e   Code   RO         4441    i.axAnalizePosition  ax12.o
    0x0800303c   0x0000005c   Code   RO         4443    i.axGetPosition     ax12.o
    0x08003098   0x00000082   Code   RO         4447    i.axSendPack        ax12.o
    0x0800311a   0x0000003c   Code   RO         4448    i.axSendPosition    ax12.o
    0x08003156   0x00000010   Code   RO         4450    i.ax_usartx_senddat  ax12.o
    0x08003166   0x00000002   PAD
    0x08003168   0x0000007c   Code   RO         4067    i.check_fs          ff.o
    0x080031e4   0x00000014   Code   RO         4068    i.chk_chr           ff.o
    0x080031f8   0x0000001a   Code   RO         4069    i.clust2sect        ff.o
    0x08003212   0x00000002   PAD
    0x08003214   0x00000098   Code   RO         4070    i.cmp_lfn           ff.o
    0x080032ac   0x000000e0   Code   RO         4071    i.create_chain      ff.o
    0x0800338c   0x00000230   Code   RO         4072    i.create_name       ff.o
    0x080035bc   0x00000044   Code   RO          290    i.delay_init        delay.o
    0x08003600   0x0000004c   Code   RO          291    i.delay_ms          delay.o
    0x0800364c   0x00000060   Code   RO         4073    i.dir_alloc         ff.o
    0x080036ac   0x000000fc   Code   RO         4074    i.dir_find          ff.o
    0x080037a8   0x0000010c   Code   RO         4075    i.dir_next          ff.o
    0x080038b4   0x00000142   Code   RO         4077    i.dir_register      ff.o
    0x080039f6   0x0000009a   Code   RO         4079    i.dir_sdi           ff.o
    0x08003a90   0x00000014   Code   RO         4022    i.disk_initialize   diskio.o
    0x08003aa4   0x00000034   Code   RO         4023    i.disk_ioctl        diskio.o
    0x08003ad8   0x0000003a   Code   RO         4024    i.disk_read         diskio.o
    0x08003b12   0x00000006   Code   RO         4025    i.disk_status       diskio.o
    0x08003b18   0x0000004e   Code   RO         4026    i.disk_write        diskio.o
    0x08003b66   0x00000018   Code   RO         4081    i.f_closedir        ff.o
    0x08003b7e   0x0000015e   Code   RO         4085    i.f_mkdir           ff.o
    0x08003cdc   0x0000005c   Code   RO         4087    i.f_mount           ff.o
    0x08003d38   0x00000070   Code   RO         4089    i.f_opendir         ff.o
    0x08003da8   0x0000004c   Code   RO         4409    i.ff_convert        ccsbcs.o
    0x08003df4   0x000000a4   Code   RO         4410    i.ff_wtoupper       ccsbcs.o
    0x08003e98   0x00000300   Code   RO         4101    i.find_volume       ff.o
    0x08004198   0x000000a2   Code   RO         4102    i.follow_path       ff.o
    0x0800423a   0x00000002   PAD
    0x0800423c   0x000000b4   Code   RO         4103    i.gen_numname       ff.o
    0x080042f0   0x000000e0   Code   RO         4104    i.get_fat           ff.o
    0x080043d0   0x00000004   Code   RO         4027    i.get_fattime       diskio.o
    0x080043d4   0x00000048   Code   RO         4106    i.get_ldnumber      ff.o
    0x0800441c   0x0000003c   Code   RO         3875    i.key_init          key.o
    0x08004458   0x00000026   Code   RO         4107    i.ld_clust          ff.o
    0x0800447e   0x00000018   Code   RO         4108    i.ld_dword          ff.o
    0x08004496   0x0000000c   Code   RO         4109    i.ld_word           ff.o
    0x080044a2   0x00000002   PAD
    0x080044a4   0x00000090   Code   RO            1    i.main              main.o
    0x08004534   0x00000024   Code   RO         4110    i.mem_cmp           ff.o
    0x08004558   0x0000001a   Code   RO         4111    i.mem_cpy           ff.o
    0x08004572   0x00000012   Code   RO         4112    i.mem_set           ff.o
    0x08004584   0x00000034   Code   RO         4113    i.move_window       ff.o
    0x080045b8   0x00000138   Code   RO         4115    i.put_fat           ff.o
    0x080046f0   0x00000080   Code   RO         4116    i.put_lfn           ff.o
    0x08004770   0x00000096   Code   RO         4120    i.remove_chain      ff.o
    0x08004806   0x00000002   PAD
    0x08004808   0x000000a0   Code   RO         4818    i.sin               m_ws.l(sin.o)
    0x080048a8   0x00000024   Code   RO         4121    i.st_clust          ff.o
    0x080048cc   0x00000018   Code   RO         4122    i.st_dword          ff.o
    0x080048e4   0x0000000c   Code   RO         4123    i.st_word           ff.o
    0x080048f0   0x00000020   Code   RO         4124    i.sum_sfn           ff.o
    0x08004910   0x00000090   Code   RO         4125    i.sync_fs           ff.o
    0x080049a0   0x00000052   Code   RO         4126    i.sync_window       ff.o
    0x080049f2   0x00000002   PAD
    0x080049f4   0x0000008c   Code   RO         3433    i.usart1_init       usart1.o
    0x08004a80   0x000000a4   Code   RO         3505    i.usart3_init       usart3.o
    0x08004b24   0x0000003c   Code   RO         3506    i.usart3_senddat    usart3.o
    0x08004b60   0x00000028   Code   RO         3536    i.usart_moderx      usart_tren.o
    0x08004b88   0x00000028   Code   RO         3537    i.usart_modetx      usart_tren.o
    0x08004bb0   0x00000030   Code   RO         3538    i.usart_tren_init   usart_tren.o
    0x08004be0   0x00000042   Code   RO         4127    i.validate          ff.o
    0x08004c22   0x00000002   PAD
    0x08004c24   0x00000062   Code   RO         4769    x$fpl$d2f           fz_ws.l(d2f.o)
    0x08004c86   0x00000002   PAD
    0x08004c88   0x00000150   Code   RO         4771    x$fpl$dadd          fz_ws.l(daddsub_clz.o)
    0x08004dd8   0x00000010   Code   RO         4927    x$fpl$dcheck1       fz_ws.l(dcheck1.o)
    0x08004de8   0x00000018   Code   RO         4839    x$fpl$dcmpinf       fz_ws.l(dcmpi.o)
    0x08004e00   0x000002b0   Code   RO         4778    x$fpl$ddiv          fz_ws.l(ddiv.o)
    0x080050b0   0x0000005e   Code   RO         4904    x$fpl$dfix          fz_ws.l(dfix.o)
    0x0800510e   0x0000002e   Code   RO         4786    x$fpl$dflt          fz_ws.l(dflt_clz.o)
    0x0800513c   0x00000026   Code   RO         4785    x$fpl$dfltu         fz_ws.l(dflt_clz.o)
    0x08005162   0x00000002   PAD
    0x08005164   0x00000078   Code   RO         4791    x$fpl$dleqf         fz_ws.l(dleqf.o)
    0x080051dc   0x00000154   Code   RO         4793    x$fpl$dmul          fz_ws.l(dmul.o)
    0x08005330   0x0000009c   Code   RO         4841    x$fpl$dnaninf       fz_ws.l(dnaninf.o)
    0x080053cc   0x0000000c   Code   RO         4843    x$fpl$dretinf       fz_ws.l(dretinf.o)
    0x080053d8   0x0000006c   Code   RO         4795    x$fpl$drleqf        fz_ws.l(drleqf.o)
    0x08005444   0x00000016   Code   RO         4772    x$fpl$drsb          fz_ws.l(daddsub_clz.o)
    0x0800545a   0x00000002   PAD
    0x0800545c   0x000001d4   Code   RO         4773    x$fpl$dsub          fz_ws.l(daddsub_clz.o)
    0x08005630   0x00000056   Code   RO         4797    x$fpl$f2d           fz_ws.l(f2d.o)
    0x08005686   0x00000002   PAD
    0x08005688   0x000000c4   Code   RO         4799    x$fpl$fadd          fz_ws.l(faddsub_clz.o)
    0x0800574c   0x0000003e   Code   RO         4805    x$fpl$ffixu         fz_ws.l(ffixu.o)
    0x0800578a   0x00000002   PAD
    0x0800578c   0x00000026   Code   RO         4809    x$fpl$ffltu         fz_ws.l(fflt_clz.o)
    0x080057b2   0x00000002   PAD
    0x080057b4   0x00000102   Code   RO         4815    x$fpl$fmul          fz_ws.l(fmul.o)
    0x080058b6   0x0000008c   Code   RO         4845    x$fpl$fnaninf       fz_ws.l(fnaninf.o)
    0x08005942   0x0000000a   Code   RO         4847    x$fpl$fretinf       fz_ws.l(fretinf.o)
    0x0800594c   0x00000014   Code   RO         4800    x$fpl$frsb          fz_ws.l(faddsub_clz.o)
    0x08005960   0x000000ea   Code   RO         4801    x$fpl$fsub          fz_ws.l(faddsub_clz.o)
    0x08005a4a   0x00000064   Code   RO         4976    x$fpl$retnan        fz_ws.l(retnan.o)
    0x08005aae   0x0000005c   Code   RO         4908    x$fpl$scalbn        fz_ws.l(scalbn.o)
    0x08005b0a   0x00000030   Code   RO         4989    x$fpl$trapveneer    fz_ws.l(trapv.o)
    0x08005b3a   0x00000000   Code   RO         4849    x$fpl$usenofp       fz_ws.l(usenofp.o)
    0x08005b3a   0x00000002   PAD
    0x08005b3c   0x00000010   Data   RO         3436    .constdata          usart1.o
    0x08005b4c   0x00000010   Data   RO         3508    .constdata          usart3.o
    0x08005b5c   0x000000aa   Data   RO         4129    .constdata          ff.o
    0x08005c06   0x000003ae   Data   RO         4411    .constdata          ccsbcs.o
    0x08005fb4   0x00000004   PAD
    0x08005fb8   0x00000030   Data   RO         4851    .constdata          m_ws.l(cos_i.o)
    0x08005fe8   0x000000c8   Data   RO         4869    .constdata          m_ws.l(rred.o)
    0x080060b0   0x00000028   Data   RO         4873    .constdata          m_ws.l(sin_i.o)
    0x080060d8   0x00000020   Data   RO         5052    Region$$Table       anon$$obj.o


    Execution Region ER_RW (Base: 0x20000000, Size: 0x00000450, Max: 0xffffffff, ABSOLUTE, COMPRESSED[0x000000f0])

    Base Addr    Size         Type   Attr      Idx    E Section Name        Object

    0x20000000   0x00000014   Data   RW          197    .data               system_stm32f10x.o
    0x20000014   0x00000004   Data   RW          293    .data               delay.o
    0x20000018   0x00000014   Data   RW         2016    .data               stm32f10x_rcc.o
    0x2000002c   0x00000020   Data   RW         3386    .data               intconfig.o
    0x2000004c   0x00000011   Data   RW         3437    .data               usart1.o
    0x2000005d   0x00000003   PAD
    0x20000060   0x00000004   Data   RW         3477    .data               usart2.o
    0x20000064   0x00000004   Data   RW         3509    .data               usart3.o
    0x20000068   0x00000004   Data   RW         3575    .data               timer.o
    0x2000006c   0x00000014   Data   RW         3637    .data               sdio_sdcard.o
    0x20000080   0x00000001   Data   RW         3822    .data               dma.o
    0x20000081   0x00000001   PAD
    0x20000082   0x0000000a   Data   RW         3849    .data               pwm.o
    0x2000008c   0x0000037e   Data   RW         3898    .data               config.o
    0x2000040a   0x00000002   PAD
    0x2000040c   0x00000009   Data   RW         3926    .data               action.o
    0x20000415   0x00000003   PAD
    0x20000418   0x00000006   Data   RW         4130    .data               ff.o
    0x2000041e   0x00000002   PAD
    0x20000420   0x0000000d   Data   RW         4557    .data               protocal.o
    0x2000042d   0x00000003   PAD
    0x20000430   0x0000001e   Data   RW         4622    .data               file.o


    Execution Region ER_ZI (Base: 0x20000450, Size: 0x00001930, Max: 0xffffffff, ABSOLUTE)

    Base Addr    Size         Type   Attr      Idx    E Section Name        Object

    0x20000450   0x00000200   Zero   RW         3435    .bss                usart1.o
    0x20000650   0x00000100   Zero   RW         3475    .bss                usart2.o
    0x20000750   0x00000200   Zero   RW         3507    .bss                usart3.o
    0x20000950   0x000000c4   Zero   RW         3636    .bss                sdio_sdcard.o
    0x20000a14   0x00000200   Zero   RW         4128    .bss                ff.o
    0x20000c14   0x000001fc   Zero   RW         4556    .bss                protocal.o
    0x20000e10   0x00000910   Zero   RW         4620    .bss                file.o
    0x20001720   0x00000060   Zero   RW         4915    .bss                c_w.l(libspace.o)
    0x20001780   0x00000200   Zero   RW          413    HEAP                startup_stm32f10x_hd.o
    0x20001980   0x00000400   Zero   RW          412    STACK               startup_stm32f10x_hd.o


==============================================================================

Image component sizes


      Code (inc. data)   RO Data    RW Data    ZI Data      Debug   Object Name

      1828        174          0          9          0       7835   action.o
       468         10          0          0          0       5814   ax12.o
       240         24        942          0          0       2319   ccsbcs.o
         0          0          0        894          0        911   config.o
       144         22          0          4          0     207940   delay.o
       218          6          0          0          0       4428   diskio.o
        44         10          0          1          0        632   dma.o
      5374         82        170          6        512      34282   ff.o
       120         28          0         30       2320       4256   file.o
         0          0          0         32          0        614   intconfig.o
       220         44          0          0          0       1375   key.o
       100          8          0          0          0        475   led.o
       144         24          0          0          0      75883   main.o
       152         12          0          0          0       1442   misc.o
         0          0          0         13        508       2837   protocal.o
       192         22          0         10          0        914   pwm.o
      4168        294          0         20        196      20367   sdio_sdcard.o
        64         26        304          0       1536        772   startup_stm32f10x_hd.o
       156         18          0          0          0       3721   stm32f10x_dma.o
       160         12          0          0          0       1401   stm32f10x_exti.o
       346          4          0          0          0       2965   stm32f10x_gpio.o
        26          0          0          0          0       3398   stm32f10x_it.o
       308         38          0         20          0       4802   stm32f10x_rcc.o
       360         80          0          0          0       8650   stm32f10x_sdio.o
       246         42          0          0          0       3334   stm32f10x_tim.o
       216          6          0          0          0       2213   stm32f10x_usart.o
         0          0          0          0          0         32   sys.o
       328         28          0         20          0       1917   system_stm32f10x.o
       112          8          0          4          0       1126   timer.o
       460         66         16         17        512       2003   usart1.o
        52         14          0          4        256       1002   usart2.o
       276         38         16          4        512       2021   usart3.o
       128         30          0          0          0       1348   usart_tren.o
         4          0          0          0          0        432   ustdout.o

    ----------------------------------------------------------------------
     16682       1170       1484       1104       6352     413461   Object Totals
         0          0         32          0          0          0   (incl. Generated)
        28          0          4         16          0          0   (incl. Padding)

    ----------------------------------------------------------------------

      Code (inc. data)   RO Data    RW Data    ZI Data      Debug   Library Member Name

        90          0          0          0          0          0   __dczerorl2.o
         8          0          0          0          0         68   __main.o
       104          0          0          0          0         84   __printf.o
         0          0          0          0          0          0   __rtentry.o
        12          0          0          0          0          0   __rtentry2.o
         6          0          0          0          0          0   __rtentry4.o
        52          8          0          0          0          0   __scatter.o
        28          0          0          0          0          0   __scatter_zi.o
        48          6          0          0          0         96   _printf_char_common.o
         0          0          0          0          0          0   _printf_percent.o
         4          0          0          0          0          0   _printf_percent_end.o
        22          0          0          0          0        100   _rserrno.o
        10          0          0          0          0         68   _sputc.o
        12          0          0          0          0         72   exit.o
         6          0          0          0          0        152   heapauxi.o
         2          0          0          0          0          0   libinit.o
         2          0          0          0          0          0   libinit2.o
         2          0          0          0          0          0   libshutdown.o
         2          0          0          0          0          0   libshutdown2.o
         8          4          0          0         96         68   libspace.o
        40          6          0          0          0         84   noretval__2sprintf.o
         8          4          0          0          0         68   rt_errno_addr_intlibspace.o
        78          0          0          0          0         80   rt_memclr_w.o
         2          0          0          0          0          0   rtexit.o
        10          0          0          0          0          0   rtexit2.o
        62          0          0          0          0         76   strlen.o
        74          0          0          0          0         80   sys_stackheap_outer.o
         2          0          0          0          0         68   use_no_semi.o
         2          0          0          0          0         68   use_no_semi_2.o
        98          4          0          0          0         92   d2f.o
       826         16          0          0          0        348   daddsub_clz.o
        16          4          0          0          0         68   dcheck1.o
        24          0          0          0          0         68   dcmpi.o
       688        140          0          0          0        208   ddiv.o
        94          4          0          0          0         92   dfix.o
        84          0          0          0          0        136   dflt_clz.o
       120          4          0          0          0         92   dleqf.o
       340         12          0          0          0        104   dmul.o
       156          4          0          0          0         92   dnaninf.o
        12          0          0          0          0         68   dretinf.o
       108          0          0          0          0         80   drleqf.o
        86          4          0          0          0         84   f2d.o
       450          8          0          0          0        236   faddsub_clz.o
        62          4          0          0          0         84   ffixu.o
        38          0          0          0          0         68   fflt_clz.o
       258          4          0          0          0         84   fmul.o
       140          4          0          0          0         84   fnaninf.o
        10          0          0          0          0         68   fretinf.o
       100          0          0          0          0         68   retnan.o
        92          0          0          0          0         68   scalbn.o
        48          0          0          0          0         68   trapv.o
         0          0          0          0          0          0   usenofp.o
       252         22         48          0          0        124   cos_i.o
        34          6          0          0          0        204   dunder.o
        40          0          0          0          0         68   fpclassify.o
       170          0          0          0          0         96   poly.o
       904         76        200          0          0        140   rred.o
       160         10          0          0          0        108   sin.o
       236         12         40          0          0        128   sin_i.o

    ----------------------------------------------------------------------
      6370        366        288          0         96       4460   Library Totals
        28          0          0          0          0          0   (incl. Padding)

    ----------------------------------------------------------------------

      Code (inc. data)   RO Data    RW Data    ZI Data      Debug   Library Name

       696         28          0          0         96       1232   c_w.l
      3850        212          0          0          0       2360   fz_ws.l
      1796        126        288          0          0        868   m_ws.l

    ----------------------------------------------------------------------
      6370        366        288          0         96       4460   Library Totals

    ----------------------------------------------------------------------

==============================================================================


      Code (inc. data)   RO Data    RW Data    ZI Data      Debug   

     23052       1536       1772       1104       6448     407361   Grand Totals
     23052       1536       1772        240       6448     407361   ELF Image Totals (compressed)
     23052       1536       1772        240          0          0   ROM Totals

==============================================================================

    Total RO  Size (Code + RO Data)                24824 (  24.24kB)
    Total RW  Size (RW Data + ZI Data)              7552 (   7.38kB)
    Total ROM Size (Code + RO Data + RW Data)      25064 (  24.48kB)

==============================================================================

