<html>
<body>
<pre>
<h1>µVision Build Log</h1>
<h2>Tool Versions:</h2>
IDE-Version: ¦ÌVision V5.14.0.0
Copyright (C) 2015 ARM Ltd and ARM Germany GmbH. All rights reserved.
License Information: lcd lcd, lcd, LIC=GMZCX-HU6AR-8S4YU-SF5Y8-FA8N9-E7DGG
 
Tool Versions:
Toolchain:       MDK-ARM Standard  Version: 5.14.0.0
Toolchain Path:  D:\MDK5\ARM\ARMCC\Bin
C Compiler:      Armcc.exe V5.05 update 1 (build 106)
Assembler:       Armasm.exe V5.05 update 1 (build 106)
Linker/Locator:  ArmLink.exe V5.05 update 1 (build 106)
Library Manager: ArmAr.exe V5.05 update 1 (build 106)
Hex Converter:   FromElf.exe V5.05 update 1 (build 106)
CPU DLL:         SARMCM3.DLL V5.14.0.0
Dialog DLL:      DARMSTM.DLL V1.65.0.0
Target DLL:      Segger\JL2CM3.dll V2.99.13.0
Dialog DLL:      TARMSTM.DLL V1.64.0.0
 
<h2>Project:</h2>
D:\code\remoteCode\USER\NRF24L01.uvprojx
Project File Date:  07/31/2018

<h2>Output:</h2>
Build target 'NRF24L01'
compiling main.c...
main.c(202): warning:  #68-D: integer conversion resulted in a change of sign
                                                speed_flag = -1;
main.c(214): warning:  #68-D: integer conversion resulted in a change of sign
                                                speed_flag = -1;
main.c(28): warning:  #177-D: variable "buf" was declared but never referenced
        char buf[5];
main.c(29): warning:  #177-D: variable "voltage" was declared but never referenced
        float voltage;
main.c: 4 warnings, 0 errors
linking...
Program Size: Code=16180 RO-data=2408 RW-data=540 ZI-data=1972  
FromELF: creating hex file...
"..\OBJ\NRF24L01.axf" - 0 Error(s), 4 Warning(s).

<h2>Collection of Component include folders:</h2>
  D:\code\remoteCode\USER\RTE
  D:\MDK5\ARM\PACK\Keil\STM32F1xx_DFP\1.0.5\Device\Include

<h2>Collection of Component Files used:</h2>
</pre>
</body>
</html>
